This is pdfTeX, Version 3.141592653-2.6-1.40.27 (TeX Live 2025) (preloaded format=pdflatex 2025.3.8)  6 MAR 2026 23:35
entering extended mode
 restricted \write18 enabled.
 %&-line parsing enabled.
**docs/db-calls-a-to-z-template.tex
(./docs/db-calls-a-to-z-template.tex
LaTeX2e <2024-11-01> patch level 2
L3 programming layer <2025-01-18>
(/usr/local/texlive/2025/texmf-dist/tex/latex/base/article.cls
Document Class: article 2024/06/29 v1.4n Standard LaTeX document class
(/usr/local/texlive/2025/texmf-dist/tex/latex/base/size11.clo
File: size11.clo 2024/06/29 v1.4n Standard LaTeX file (size option)
)
\c@part=\count196
\c@section=\count197
\c@subsection=\count198
\c@subsubsection=\count199
\c@paragraph=\count266
\c@subparagraph=\count267
\c@figure=\count268
\c@table=\count269
\abovecaptionskip=\skip49
\belowcaptionskip=\skip50
\bibindent=\dimen141
)
(/usr/local/texlive/2025/texmf-dist/tex/latex/geometry/geometry.sty
Package: geometry 2020/01/02 v5.9 Page Geometry

(/usr/local/texlive/2025/texmf-dist/tex/latex/graphics/keyval.sty
Package: keyval 2022/05/29 v1.15 key=value parser (DPC)
\KV@toks@=\toks17
)
(/usr/local/texlive/2025/texmf-dist/tex/generic/iftex/ifvtex.sty
Package: ifvtex 2019/10/25 v1.7 ifvtex legacy package. Use iftex instead.

(/usr/local/texlive/2025/texmf-dist/tex/generic/iftex/iftex.sty
Package: iftex 2024/12/12 v1.0g TeX engine tests
))
\Gm@cnth=\count270
\Gm@cntv=\count271
\c@Gm@tempcnt=\count272
\Gm@bindingoffset=\dimen142
\Gm@wd@mp=\dimen143
\Gm@odd@mp=\dimen144
\Gm@even@mp=\dimen145
\Gm@layoutwidth=\dimen146
\Gm@layoutheight=\dimen147
\Gm@layouthoffset=\dimen148
\Gm@layoutvoffset=\dimen149
\Gm@dimlist=\toks18
)
(/usr/local/texlive/2025/texmf-dist/tex/latex/base/fontenc.sty
Package: fontenc 2021/04/29 v2.0v Standard LaTeX package
)
(/usr/local/texlive/2025/texmf-dist/tex/latex/base/inputenc.sty
Package: inputenc 2024/02/08 v1.3d Input encoding file
\inpenc@prehook=\toks19
\inpenc@posthook=\toks20
)
(/usr/local/texlive/2025/texmf-dist/tex/latex/lm/lmodern.sty
Package: lmodern 2015/05/01 v1.6.1 Latin Modern Fonts
LaTeX Font Info:    Overwriting symbol font `operators' in version `normal'
(Font)                  OT1/cmr/m/n --> OT1/lmr/m/n on input line 22.
LaTeX Font Info:    Overwriting symbol font `letters' in version `normal'
(Font)                  OML/cmm/m/it --> OML/lmm/m/it on input line 23.
LaTeX Font Info:    Overwriting symbol font `symbols' in version `normal'
(Font)                  OMS/cmsy/m/n --> OMS/lmsy/m/n on input line 24.
LaTeX Font Info:    Overwriting symbol font `largesymbols' in version `normal'
(Font)                  OMX/cmex/m/n --> OMX/lmex/m/n on input line 25.
LaTeX Font Info:    Overwriting symbol font `operators' in version `bold'
(Font)                  OT1/cmr/bx/n --> OT1/lmr/bx/n on input line 26.
LaTeX Font Info:    Overwriting symbol font `letters' in version `bold'
(Font)                  OML/cmm/b/it --> OML/lmm/b/it on input line 27.
LaTeX Font Info:    Overwriting symbol font `symbols' in version `bold'
(Font)                  OMS/cmsy/b/n --> OMS/lmsy/b/n on input line 28.
LaTeX Font Info:    Overwriting symbol font `largesymbols' in version `bold'
(Font)                  OMX/cmex/m/n --> OMX/lmex/m/n on input line 29.
LaTeX Font Info:    Overwriting math alphabet `\mathbf' in version `normal'
(Font)                  OT1/cmr/bx/n --> OT1/lmr/bx/n on input line 31.
LaTeX Font Info:    Overwriting math alphabet `\mathsf' in version `normal'
(Font)                  OT1/cmss/m/n --> OT1/lmss/m/n on input line 32.
LaTeX Font Info:    Overwriting math alphabet `\mathit' in version `normal'
(Font)                  OT1/cmr/m/it --> OT1/lmr/m/it on input line 33.
LaTeX Font Info:    Overwriting math alphabet `\mathtt' in version `normal'
(Font)                  OT1/cmtt/m/n --> OT1/lmtt/m/n on input line 34.
LaTeX Font Info:    Overwriting math alphabet `\mathbf' in version `bold'
(Font)                  OT1/cmr/bx/n --> OT1/lmr/bx/n on input line 35.
LaTeX Font Info:    Overwriting math alphabet `\mathsf' in version `bold'
(Font)                  OT1/cmss/bx/n --> OT1/lmss/bx/n on input line 36.
LaTeX Font Info:    Overwriting math alphabet `\mathit' in version `bold'
(Font)                  OT1/cmr/bx/it --> OT1/lmr/bx/it on input line 37.
LaTeX Font Info:    Overwriting math alphabet `\mathtt' in version `bold'
(Font)                  OT1/cmtt/m/n --> OT1/lmtt/m/n on input line 38.
)
(/usr/local/texlive/2025/texmf-dist/tex/latex/tools/longtable.sty
Package: longtable 2024-10-27 v4.22 Multi-page Table package (DPC)
\LTleft=\skip51
\LTright=\skip52
\LTpre=\skip53
\LTpost=\skip54
\LTchunksize=\count273
\LTcapwidth=\dimen150
\LT@head=\box52
\LT@firsthead=\box53
\LT@foot=\box54
\LT@lastfoot=\box55
\LT@gbox=\box56
\LT@cols=\count274
\LT@rows=\count275
\c@LT@tables=\count276
\c@LT@chunks=\count277
\LT@p@ftn=\toks21
)
(/usr/local/texlive/2025/texmf-dist/tex/latex/booktabs/booktabs.sty
Package: booktabs 2020/01/12 v1.61803398 Publication quality tables
\heavyrulewidth=\dimen151
\lightrulewidth=\dimen152
\cmidrulewidth=\dimen153
\belowrulesep=\dimen154
\belowbottomsep=\dimen155
\aboverulesep=\dimen156
\abovetopsep=\dimen157
\cmidrulesep=\dimen158
\cmidrulekern=\dimen159
\defaultaddspace=\dimen160
\@cmidla=\count278
\@cmidlb=\count279
\@aboverulesep=\dimen161
\@belowrulesep=\dimen162
\@thisruleclass=\count280
\@lastruleclass=\count281
\@thisrulewidth=\dimen163
)
(/usr/local/texlive/2025/texmf-dist/tex/latex/tools/array.sty
Package: array 2024/10/17 v2.6g Tabular extension package (FMi)
\col@sep=\dimen164
\ar@mcellbox=\box57
\extrarowheight=\dimen165
\NC@list=\toks22
\extratabsurround=\skip55
\backup@length=\skip56
\ar@cellbox=\box58
)
(/usr/local/texlive/2025/texmf-dist/tex/latex/xcolor/xcolor.sty
Package: xcolor 2024/09/29 v3.02 LaTeX color extensions (UK)

(/usr/local/texlive/2025/texmf-dist/tex/latex/graphics-cfg/color.cfg
File: color.cfg 2016/01/02 v1.6 sample color configuration
)
Package xcolor Info: Driver file: pdftex.def on input line 274.

(/usr/local/texlive/2025/texmf-dist/tex/latex/graphics-def/pdftex.def
File: pdftex.def 2024/04/13 v1.2c Graphics/color driver for pdftex
)
(/usr/local/texlive/2025/texmf-dist/tex/latex/graphics/mathcolor.ltx)
Package xcolor Info: Model `cmy' substituted by `cmy0' on input line 1349.
Package xcolor Info: Model `hsb' substituted by `rgb' on input line 1353.
Package xcolor Info: Model `RGB' extended on input line 1365.
Package xcolor Info: Model `HTML' substituted by `rgb' on input line 1367.
Package xcolor Info: Model `Hsb' substituted by `hsb' on input line 1368.
Package xcolor Info: Model `tHsb' substituted by `hsb' on input line 1369.
Package xcolor Info: Model `HSB' substituted by `hsb' on input line 1370.
Package xcolor Info: Model `Gray' substituted by `gray' on input line 1371.
Package xcolor Info: Model `wave' substituted by `hsb' on input line 1372.
)
(/usr/local/texlive/2025/texmf-dist/tex/latex/hyperref/hyperref.sty
Package: hyperref 2024-11-05 v7.01l Hypertext links for LaTeX

(/usr/local/texlive/2025/texmf-dist/tex/latex/kvsetkeys/kvsetkeys.sty
Package: kvsetkeys 2022-10-05 v1.19 Key value parser (HO)
)
(/usr/local/texlive/2025/texmf-dist/tex/generic/kvdefinekeys/kvdefinekeys.sty
Package: kvdefinekeys 2019-12-19 v1.6 Define keys (HO)
)
(/usr/local/texlive/2025/texmf-dist/tex/generic/pdfescape/pdfescape.sty
Package: pdfescape 2019/12/09 v1.15 Implements pdfTeX's escape features (HO)

(/usr/local/texlive/2025/texmf-dist/tex/generic/ltxcmds/ltxcmds.sty
Package: ltxcmds 2023-12-04 v1.26 LaTeX kernel commands for general use (HO)
)
(/usr/local/texlive/2025/texmf-dist/tex/generic/pdftexcmds/pdftexcmds.sty
Package: pdftexcmds 2020-06-27 v0.33 Utility functions of pdfTeX for LuaTeX (HO
)

(/usr/local/texlive/2025/texmf-dist/tex/generic/infwarerr/infwarerr.sty
Package: infwarerr 2019/12/03 v1.5 Providing info/warning/error messages (HO)
)
Package pdftexcmds Info: \pdf@primitive is available.
Package pdftexcmds Info: \pdf@ifprimitive is available.
Package pdftexcmds Info: \pdfdraftmode found.
))
(/usr/local/texlive/2025/texmf-dist/tex/latex/hycolor/hycolor.sty
Package: hycolor 2020-01-27 v1.10 Color options for hyperref/bookmark (HO)
)
(/usr/local/texlive/2025/texmf-dist/tex/latex/hyperref/nameref.sty
Package: nameref 2023-11-26 v2.56 Cross-referencing by name of section

(/usr/local/texlive/2025/texmf-dist/tex/latex/refcount/refcount.sty
Package: refcount 2019/12/15 v3.6 Data extraction from label references (HO)
)
(/usr/local/texlive/2025/texmf-dist/tex/generic/gettitlestring/gettitlestring.s
ty
Package: gettitlestring 2019/12/15 v1.6 Cleanup title references (HO)
 (/usr/local/texlive/2025/texmf-dist/tex/latex/kvoptions/kvoptions.sty
Package: kvoptions 2022-06-15 v3.15 Key value format for package options (HO)
))
\c@section@level=\count282
)
(/usr/local/texlive/2025/texmf-dist/tex/latex/etoolbox/etoolbox.sty
Package: etoolbox 2025/02/11 v2.5l e-TeX tools for LaTeX (JAW)
\etb@tempcnta=\count283
)
(/usr/local/texlive/2025/texmf-dist/tex/generic/stringenc/stringenc.sty
Package: stringenc 2019/11/29 v1.12 Convert strings between diff. encodings (HO
)
)
\@linkdim=\dimen166
\Hy@linkcounter=\count284
\Hy@pagecounter=\count285

(/usr/local/texlive/2025/texmf-dist/tex/latex/hyperref/pd1enc.def
File: pd1enc.def 2024-11-05 v7.01l Hyperref: PDFDocEncoding definition (HO)
Now handling font encoding PD1 ...
... no UTF-8 mapping file for font encoding PD1
)
(/usr/local/texlive/2025/texmf-dist/tex/generic/intcalc/intcalc.sty
Package: intcalc 2019/12/15 v1.3 Expandable calculations with integers (HO)
)
\Hy@SavedSpaceFactor=\count286

(/usr/local/texlive/2025/texmf-dist/tex/latex/hyperref/puenc.def
File: puenc.def 2024-11-05 v7.01l Hyperref: PDF Unicode definition (HO)
Now handling font encoding PU ...
... no UTF-8 mapping file for font encoding PU
)
Package hyperref Info: Hyper figures OFF on input line 4157.
Package hyperref Info: Link nesting OFF on input line 4162.
Package hyperref Info: Hyper index ON on input line 4165.
Package hyperref Info: Plain pages OFF on input line 4172.
Package hyperref Info: Backreferencing OFF on input line 4177.
Package hyperref Info: Implicit mode ON; LaTeX internals redefined.
Package hyperref Info: Bookmarks ON on input line 4424.
\c@Hy@tempcnt=\count287

(/usr/local/texlive/2025/texmf-dist/tex/latex/url/url.sty
\Urlmuskip=\muskip17
Package: url 2013/09/16  ver 3.4  Verb mode for urls, etc.
)
LaTeX Info: Redefining \url on input line 4763.
\XeTeXLinkMargin=\dimen167

(/usr/local/texlive/2025/texmf-dist/tex/generic/bitset/bitset.sty
Package: bitset 2019/12/09 v1.3 Handle bit-vector datatype (HO)

(/usr/local/texlive/2025/texmf-dist/tex/generic/bigintcalc/bigintcalc.sty
Package: bigintcalc 2019/12/15 v1.5 Expandable calculations on big integers (HO
)
))
\Fld@menulength=\count288
\Field@Width=\dimen168
\Fld@charsize=\dimen169
Package hyperref Info: Hyper figures OFF on input line 6042.
Package hyperref Info: Link nesting OFF on input line 6047.
Package hyperref Info: Hyper index ON on input line 6050.
Package hyperref Info: backreferencing OFF on input line 6057.
Package hyperref Info: Link coloring OFF on input line 6062.
Package hyperref Info: Link coloring with OCG OFF on input line 6067.
Package hyperref Info: PDF/A mode OFF on input line 6072.

(/usr/local/texlive/2025/texmf-dist/tex/latex/base/atbegshi-ltx.sty
Package: atbegshi-ltx 2021/01/10 v1.0c Emulation of the original atbegshi
package with kernel methods
)
\Hy@abspage=\count289
\c@Item=\count290
\c@Hfootnote=\count291
)
Package hyperref Info: Driver (autodetected): hpdftex.

(/usr/local/texlive/2025/texmf-dist/tex/latex/hyperref/hpdftex.def
File: hpdftex.def 2024-11-05 v7.01l Hyperref driver for pdfTeX

(/usr/local/texlive/2025/texmf-dist/tex/latex/base/atveryend-ltx.sty
Package: atveryend-ltx 2020/08/19 v1.0a Emulation of the original atveryend pac
kage
with kernel methods
)
\Fld@listcount=\count292
\c@bookmark@seq@number=\count293

(/usr/local/texlive/2025/texmf-dist/tex/latex/rerunfilecheck/rerunfilecheck.sty
Package: rerunfilecheck 2022-07-10 v1.10 Rerun checks for auxiliary files (HO)

(/usr/local/texlive/2025/texmf-dist/tex/generic/uniquecounter/uniquecounter.sty
Package: uniquecounter 2019/12/15 v1.4 Provide unlimited unique counter (HO)
)
Package uniquecounter Info: New unique counter `rerunfilecheck' on input line 2
85.
)
\Hy@SectionHShift=\skip57
) (/usr/local/texlive/2025/texmf-dist/tex/latex/tools/tabularx.sty
Package: tabularx 2023/12/11 v2.12a `tabularx' package (DPC)
\TX@col@width=\dimen170
\TX@old@table=\dimen171
\TX@old@col=\dimen172
\TX@target=\dimen173
\TX@delta=\dimen174
\TX@cols=\count294
\TX@ftn=\toks23
)
(/usr/local/texlive/2025/texmf-dist/tex/latex/enumitem/enumitem.sty
Package: enumitem 2025/02/06 v3.11 Customized lists
\labelindent=\skip58
\enit@outerparindent=\dimen175
\enit@toks=\toks24
\enit@inbox=\box59
\enit@count@id=\count295
\enitdp@description=\count296
)
(/usr/local/texlive/2025/texmf-dist/tex/latex/pgf/frontendlayer/tikz.sty
(/usr/local/texlive/2025/texmf-dist/tex/latex/pgf/basiclayer/pgf.sty
(/usr/local/texlive/2025/texmf-dist/tex/latex/pgf/utilities/pgfrcs.sty
(/usr/local/texlive/2025/texmf-dist/tex/generic/pgf/utilities/pgfutil-common.te
x
\pgfutil@everybye=\toks25
\pgfutil@tempdima=\dimen176
\pgfutil@tempdimb=\dimen177
)
(/usr/local/texlive/2025/texmf-dist/tex/generic/pgf/utilities/pgfutil-latex.def
\pgfutil@abb=\box60
) (/usr/local/texlive/2025/texmf-dist/tex/generic/pgf/utilities/pgfrcs.code.tex
(/usr/local/texlive/2025/texmf-dist/tex/generic/pgf/pgf.revision.tex)
Package: pgfrcs 2023-01-15 v3.1.10 (3.1.10)
))
Package: pgf 2023-01-15 v3.1.10 (3.1.10)

(/usr/local/texlive/2025/texmf-dist/tex/latex/pgf/basiclayer/pgfcore.sty
(/usr/local/texlive/2025/texmf-dist/tex/latex/graphics/graphicx.sty
Package: graphicx 2021/09/16 v1.2d Enhanced LaTeX Graphics (DPC,SPQR)

(/usr/local/texlive/2025/texmf-dist/tex/latex/graphics/graphics.sty
Package: graphics 2024/08/06 v1.4g Standard LaTeX Graphics (DPC,SPQR)

(/usr/local/texlive/2025/texmf-dist/tex/latex/graphics/trig.sty
Package: trig 2023/12/02 v1.11 sin cos tan (DPC)
)
(/usr/local/texlive/2025/texmf-dist/tex/latex/graphics-cfg/graphics.cfg
File: graphics.cfg 2016/06/04 v1.11 sample graphics configuration
)
Package graphics Info: Driver file: pdftex.def on input line 106.
)
\Gin@req@height=\dimen178
\Gin@req@width=\dimen179
)
(/usr/local/texlive/2025/texmf-dist/tex/latex/pgf/systemlayer/pgfsys.sty
(/usr/local/texlive/2025/texmf-dist/tex/generic/pgf/systemlayer/pgfsys.code.tex
Package: pgfsys 2023-01-15 v3.1.10 (3.1.10)
(/usr/local/texlive/2025/texmf-dist/tex/generic/pgf/utilities/pgfkeys.code.tex
\pgfkeys@pathtoks=\toks26
\pgfkeys@temptoks=\toks27

(/usr/local/texlive/2025/texmf-dist/tex/generic/pgf/utilities/pgfkeyslibraryfil
tered.code.tex
\pgfkeys@tmptoks=\toks28
))
\pgf@x=\dimen180
\pgf@y=\dimen181
\pgf@xa=\dimen182
\pgf@ya=\dimen183
\pgf@xb=\dimen184
\pgf@yb=\dimen185
\pgf@xc=\dimen186
\pgf@yc=\dimen187
\pgf@xd=\dimen188
\pgf@yd=\dimen189
\w@pgf@writea=\write3
\r@pgf@reada=\read2
\c@pgf@counta=\count297
\c@pgf@countb=\count298
\c@pgf@countc=\count299
\c@pgf@countd=\count300
\t@pgf@toka=\toks29
\t@pgf@tokb=\toks30
\t@pgf@tokc=\toks31
\pgf@sys@id@count=\count301

(/usr/local/texlive/2025/texmf-dist/tex/generic/pgf/systemlayer/pgf.cfg
File: pgf.cfg 2023-01-15 v3.1.10 (3.1.10)
)
Driver file for pgf: pgfsys-pdftex.def

(/usr/local/texlive/2025/texmf-dist/tex/generic/pgf/systemlayer/pgfsys-pdftex.d
ef
File: pgfsys-pdftex.def 2023-01-15 v3.1.10 (3.1.10)

(/usr/local/texlive/2025/texmf-dist/tex/generic/pgf/systemlayer/pgfsys-common-p
df.def
File: pgfsys-common-pdf.def 2023-01-15 v3.1.10 (3.1.10)
)))
(/usr/local/texlive/2025/texmf-dist/tex/generic/pgf/systemlayer/pgfsyssoftpath.
code.tex
File: pgfsyssoftpath.code.tex 2023-01-15 v3.1.10 (3.1.10)
\pgfsyssoftpath@smallbuffer@items=\count302
\pgfsyssoftpath@bigbuffer@items=\count303
)
(/usr/local/texlive/2025/texmf-dist/tex/generic/pgf/systemlayer/pgfsysprotocol.
code.tex
File: pgfsysprotocol.code.tex 2023-01-15 v3.1.10 (3.1.10)
))
(/usr/local/texlive/2025/texmf-dist/tex/generic/pgf/basiclayer/pgfcore.code.tex
Package: pgfcore 2023-01-15 v3.1.10 (3.1.10)
(/usr/local/texlive/2025/texmf-dist/tex/generic/pgf/math/pgfmath.code.tex
(/usr/local/texlive/2025/texmf-dist/tex/generic/pgf/math/pgfmathutil.code.tex)
(/usr/local/texlive/2025/texmf-dist/tex/generic/pgf/math/pgfmathparser.code.tex
\pgfmath@dimen=\dimen190
\pgfmath@count=\count304
\pgfmath@box=\box61
\pgfmath@toks=\toks32
\pgfmath@stack@operand=\toks33
\pgfmath@stack@operation=\toks34
)
(/usr/local/texlive/2025/texmf-dist/tex/generic/pgf/math/pgfmathfunctions.code.
tex)
(/usr/local/texlive/2025/texmf-dist/tex/generic/pgf/math/pgfmathfunctions.basic
.code.tex)
(/usr/local/texlive/2025/texmf-dist/tex/generic/pgf/math/pgfmathfunctions.trigo
nometric.code.tex)
(/usr/local/texlive/2025/texmf-dist/tex/generic/pgf/math/pgfmathfunctions.rando
m.code.tex)
(/usr/local/texlive/2025/texmf-dist/tex/generic/pgf/math/pgfmathfunctions.compa
rison.code.tex)
(/usr/local/texlive/2025/texmf-dist/tex/generic/pgf/math/pgfmathfunctions.base.
code.tex)
(/usr/local/texlive/2025/texmf-dist/tex/generic/pgf/math/pgfmathfunctions.round
.code.tex)
(/usr/local/texlive/2025/texmf-dist/tex/generic/pgf/math/pgfmathfunctions.misc.
code.tex)
(/usr/local/texlive/2025/texmf-dist/tex/generic/pgf/math/pgfmathfunctions.integ
erarithmetics.code.tex)
(/usr/local/texlive/2025/texmf-dist/tex/generic/pgf/math/pgfmathcalc.code.tex)
(/usr/local/texlive/2025/texmf-dist/tex/generic/pgf/math/pgfmathfloat.code.tex
\c@pgfmathroundto@lastzeros=\count305
)) (/usr/local/texlive/2025/texmf-dist/tex/generic/pgf/math/pgfint.code.tex)
(/usr/local/texlive/2025/texmf-dist/tex/generic/pgf/basiclayer/pgfcorepoints.co
de.tex
File: pgfcorepoints.code.tex 2023-01-15 v3.1.10 (3.1.10)
\pgf@picminx=\dimen191
\pgf@picmaxx=\dimen192
\pgf@picminy=\dimen193
\pgf@picmaxy=\dimen194
\pgf@pathminx=\dimen195
\pgf@pathmaxx=\dimen196
\pgf@pathminy=\dimen197
\pgf@pathmaxy=\dimen198
\pgf@xx=\dimen199
\pgf@xy=\dimen256
\pgf@yx=\dimen257
\pgf@yy=\dimen258
\pgf@zx=\dimen259
\pgf@zy=\dimen260
)
(/usr/local/texlive/2025/texmf-dist/tex/generic/pgf/basiclayer/pgfcorepathconst
ruct.code.tex
File: pgfcorepathconstruct.code.tex 2023-01-15 v3.1.10 (3.1.10)
\pgf@path@lastx=\dimen261
\pgf@path@lasty=\dimen262
)
(/usr/local/texlive/2025/texmf-dist/tex/generic/pgf/basiclayer/pgfcorepathusage
.code.tex
File: pgfcorepathusage.code.tex 2023-01-15 v3.1.10 (3.1.10)
\pgf@shorten@end@additional=\dimen263
\pgf@shorten@start@additional=\dimen264
)
(/usr/local/texlive/2025/texmf-dist/tex/generic/pgf/basiclayer/pgfcorescopes.co
de.tex
File: pgfcorescopes.code.tex 2023-01-15 v3.1.10 (3.1.10)
\pgfpic=\box62
\pgf@hbox=\box63
\pgf@layerbox@main=\box64
\pgf@picture@serial@count=\count306
)
(/usr/local/texlive/2025/texmf-dist/tex/generic/pgf/basiclayer/pgfcoregraphicst
ate.code.tex
File: pgfcoregraphicstate.code.tex 2023-01-15 v3.1.10 (3.1.10)
\pgflinewidth=\dimen265
)
(/usr/local/texlive/2025/texmf-dist/tex/generic/pgf/basiclayer/pgfcoretransform
ations.code.tex
File: pgfcoretransformations.code.tex 2023-01-15 v3.1.10 (3.1.10)
\pgf@pt@x=\dimen266
\pgf@pt@y=\dimen267
\pgf@pt@temp=\dimen268
)
(/usr/local/texlive/2025/texmf-dist/tex/generic/pgf/basiclayer/pgfcorequick.cod
e.tex
File: pgfcorequick.code.tex 2023-01-15 v3.1.10 (3.1.10)
)
(/usr/local/texlive/2025/texmf-dist/tex/generic/pgf/basiclayer/pgfcoreobjects.c
ode.tex
File: pgfcoreobjects.code.tex 2023-01-15 v3.1.10 (3.1.10)
)
(/usr/local/texlive/2025/texmf-dist/tex/generic/pgf/basiclayer/pgfcorepathproce
ssing.code.tex
File: pgfcorepathprocessing.code.tex 2023-01-15 v3.1.10 (3.1.10)
)
(/usr/local/texlive/2025/texmf-dist/tex/generic/pgf/basiclayer/pgfcorearrows.co
de.tex
File: pgfcorearrows.code.tex 2023-01-15 v3.1.10 (3.1.10)
\pgfarrowsep=\dimen269
)
(/usr/local/texlive/2025/texmf-dist/tex/generic/pgf/basiclayer/pgfcoreshade.cod
e.tex
File: pgfcoreshade.code.tex 2023-01-15 v3.1.10 (3.1.10)
\pgf@max=\dimen270
\pgf@sys@shading@range@num=\count307
\pgf@shadingcount=\count308
)
(/usr/local/texlive/2025/texmf-dist/tex/generic/pgf/basiclayer/pgfcoreimage.cod
e.tex
File: pgfcoreimage.code.tex 2023-01-15 v3.1.10 (3.1.10)
)
(/usr/local/texlive/2025/texmf-dist/tex/generic/pgf/basiclayer/pgfcoreexternal.
code.tex
File: pgfcoreexternal.code.tex 2023-01-15 v3.1.10 (3.1.10)
\pgfexternal@startupbox=\box65
)
(/usr/local/texlive/2025/texmf-dist/tex/generic/pgf/basiclayer/pgfcorelayers.co
de.tex
File: pgfcorelayers.code.tex 2023-01-15 v3.1.10 (3.1.10)
)
(/usr/local/texlive/2025/texmf-dist/tex/generic/pgf/basiclayer/pgfcoretranspare
ncy.code.tex
File: pgfcoretransparency.code.tex 2023-01-15 v3.1.10 (3.1.10)
)
(/usr/local/texlive/2025/texmf-dist/tex/generic/pgf/basiclayer/pgfcorepatterns.
code.tex
File: pgfcorepatterns.code.tex 2023-01-15 v3.1.10 (3.1.10)
)
(/usr/local/texlive/2025/texmf-dist/tex/generic/pgf/basiclayer/pgfcorerdf.code.
tex
File: pgfcorerdf.code.tex 2023-01-15 v3.1.10 (3.1.10)
)))
(/usr/local/texlive/2025/texmf-dist/tex/generic/pgf/modules/pgfmoduleshapes.cod
e.tex
File: pgfmoduleshapes.code.tex 2023-01-15 v3.1.10 (3.1.10)
\pgfnodeparttextbox=\box66
)
(/usr/local/texlive/2025/texmf-dist/tex/generic/pgf/modules/pgfmoduleplot.code.
tex
File: pgfmoduleplot.code.tex 2023-01-15 v3.1.10 (3.1.10)
)
(/usr/local/texlive/2025/texmf-dist/tex/latex/pgf/compatibility/pgfcomp-version
-0-65.sty
Package: pgfcomp-version-0-65 2023-01-15 v3.1.10 (3.1.10)
\pgf@nodesepstart=\dimen271
\pgf@nodesepend=\dimen272
)
(/usr/local/texlive/2025/texmf-dist/tex/latex/pgf/compatibility/pgfcomp-version
-1-18.sty
Package: pgfcomp-version-1-18 2023-01-15 v3.1.10 (3.1.10)
))
(/usr/local/texlive/2025/texmf-dist/tex/latex/pgf/utilities/pgffor.sty
(/usr/local/texlive/2025/texmf-dist/tex/latex/pgf/utilities/pgfkeys.sty
(/usr/local/texlive/2025/texmf-dist/tex/generic/pgf/utilities/pgfkeys.code.tex)
) (/usr/local/texlive/2025/texmf-dist/tex/latex/pgf/math/pgfmath.sty
(/usr/local/texlive/2025/texmf-dist/tex/generic/pgf/math/pgfmath.code.tex))
(/usr/local/texlive/2025/texmf-dist/tex/generic/pgf/utilities/pgffor.code.tex
Package: pgffor 2023-01-15 v3.1.10 (3.1.10)
\pgffor@iter=\dimen273
\pgffor@skip=\dimen274
\pgffor@stack=\toks35
\pgffor@toks=\toks36
))
(/usr/local/texlive/2025/texmf-dist/tex/generic/pgf/frontendlayer/tikz/tikz.cod
e.tex
Package: tikz 2023-01-15 v3.1.10 (3.1.10)

(/usr/local/texlive/2025/texmf-dist/tex/generic/pgf/libraries/pgflibraryplothan
dlers.code.tex
File: pgflibraryplothandlers.code.tex 2023-01-15 v3.1.10 (3.1.10)
\pgf@plot@mark@count=\count309
\pgfplotmarksize=\dimen275
)
\tikz@lastx=\dimen276
\tikz@lasty=\dimen277
\tikz@lastxsaved=\dimen278
\tikz@lastysaved=\dimen279
\tikz@lastmovetox=\dimen280
\tikz@lastmovetoy=\dimen281
\tikzleveldistance=\dimen282
\tikzsiblingdistance=\dimen283
\tikz@figbox=\box67
\tikz@figbox@bg=\box68
\tikz@tempbox=\box69
\tikz@tempbox@bg=\box70
\tikztreelevel=\count310
\tikznumberofchildren=\count311
\tikznumberofcurrentchild=\count312
\tikz@fig@count=\count313

(/usr/local/texlive/2025/texmf-dist/tex/generic/pgf/modules/pgfmodulematrix.cod
e.tex
File: pgfmodulematrix.code.tex 2023-01-15 v3.1.10 (3.1.10)
\pgfmatrixcurrentrow=\count314
\pgfmatrixcurrentcolumn=\count315
\pgf@matrix@numberofcolumns=\count316
)
\tikz@expandcount=\count317

(/usr/local/texlive/2025/texmf-dist/tex/generic/pgf/frontendlayer/tikz/librarie
s/tikzlibrarytopaths.code.tex
File: tikzlibrarytopaths.code.tex 2023-01-15 v3.1.10 (3.1.10)
)))
(/usr/local/texlive/2025/texmf-dist/tex/generic/pgf/libraries/pgflibraryarrows.
meta.code.tex
File: pgflibraryarrows.meta.code.tex 2023-01-15 v3.1.10 (3.1.10)
\pgfarrowinset=\dimen284
\pgfarrowlength=\dimen285
\pgfarrowwidth=\dimen286
\pgfarrowlinewidth=\dimen287
)
(/usr/local/texlive/2025/texmf-dist/tex/generic/pgf/frontendlayer/tikz/librarie
s/tikzlibrarypositioning.code.tex
File: tikzlibrarypositioning.code.tex 2023-01-15 v3.1.10 (3.1.10)
)
(/usr/local/texlive/2025/texmf-dist/tex/generic/pgf/frontendlayer/tikz/librarie
s/tikzlibraryshapes.geometric.code.tex
File: tikzlibraryshapes.geometric.code.tex 2023-01-15 v3.1.10 (3.1.10)

(/usr/local/texlive/2025/texmf-dist/tex/generic/pgf/libraries/shapes/pgflibrary
shapes.geometric.code.tex
File: pgflibraryshapes.geometric.code.tex 2023-01-15 v3.1.10 (3.1.10)
))
(/usr/local/texlive/2025/texmf-dist/tex/generic/pgf/frontendlayer/tikz/librarie
s/tikzlibraryfit.code.tex
File: tikzlibraryfit.code.tex 2023-01-15 v3.1.10 (3.1.10)
)
Package hyperref Info: Option `colorlinks' set `true' on input line 15.
LaTeX Font Info:    Trying to load font information for T1+lmr on input line 24
.

(/usr/local/texlive/2025/texmf-dist/tex/latex/lm/t1lmr.fd
File: t1lmr.fd 2015/05/01 v1.6.1 Font defs for Latin Modern
)
(/usr/local/texlive/2025/texmf-dist/tex/latex/l3backend/l3backend-pdftex.def
File: l3backend-pdftex.def 2024-05-08 L3 backend support: PDF output (pdfTeX)
\l__color_backend_stack_int=\count318
\l__pdf_internal_box=\box71
)
(docs/db-calls-a-to-z-template.aux)
\openout1 = `db-calls-a-to-z-template.aux'.

LaTeX Font Info:    Checking defaults for OML/cmm/m/it on input line 24.
LaTeX Font Info:    ... okay on input line 24.
LaTeX Font Info:    Checking defaults for OMS/cmsy/m/n on input line 24.
LaTeX Font Info:    ... okay on input line 24.
LaTeX Font Info:    Checking defaults for OT1/cmr/m/n on input line 24.
LaTeX Font Info:    ... okay on input line 24.
LaTeX Font Info:    Checking defaults for T1/cmr/m/n on input line 24.
LaTeX Font Info:    ... okay on input line 24.
LaTeX Font Info:    Checking defaults for TS1/cmr/m/n on input line 24.
LaTeX Font Info:    ... okay on input line 24.
LaTeX Font Info:    Checking defaults for OMX/cmex/m/n on input line 24.
LaTeX Font Info:    ... okay on input line 24.
LaTeX Font Info:    Checking defaults for U/cmr/m/n on input line 24.
LaTeX Font Info:    ... okay on input line 24.
LaTeX Font Info:    Checking defaults for PD1/pdf/m/n on input line 24.
LaTeX Font Info:    ... okay on input line 24.
LaTeX Font Info:    Checking defaults for PU/pdf/m/n on input line 24.
LaTeX Font Info:    ... okay on input line 24.

*geometry* driver: auto-detecting
*geometry* detected driver: pdftex
*geometry* verbose mode - [ preamble ] result:
* driver: pdftex
* paper: <default>
* layout: <same size as paper>
* layoutoffset:(h,v)=(0.0pt,0.0pt)
* modes: 
* h-part:(L,W,R)=(72.26999pt, 469.75502pt, 72.26999pt)
* v-part:(T,H,B)=(72.26999pt, 650.43001pt, 72.26999pt)
* \paperwidth=614.295pt
* \paperheight=794.96999pt
* \textwidth=469.75502pt
* \textheight=650.43001pt
* \oddsidemargin=0.0pt
* \evensidemargin=0.0pt
* \topmargin=-37.0pt
* \headheight=12.0pt
* \headsep=25.0pt
* \topskip=11.0pt
* \footskip=30.0pt
* \marginparwidth=59.0pt
* \marginparsep=10.0pt
* \columnsep=10.0pt
* \skip\footins=10.0pt plus 4.0pt minus 2.0pt
* \hoffset=0.0pt
* \voffset=0.0pt
* \mag=1000
* \@twocolumnfalse
* \@twosidefalse
* \@mparswitchfalse
* \@reversemarginfalse
* (1in=72.27pt=25.4mm, 1cm=28.453pt)

(/usr/local/texlive/2025/texmf-dist/tex/context/base/mkii/supp-pdf.mkii
[Loading MPS to PDF converter (version 2006.09.02).]
\scratchcounter=\count319
\scratchdimen=\dimen288
\scratchbox=\box72
\nofMPsegments=\count320
\nofMParguments=\count321
\everyMPshowfont=\toks37
\MPscratchCnt=\count322
\MPscratchDim=\dimen289
\MPnumerator=\count323
\makeMPintoPDFobject=\count324
\everyMPtoPDFconversion=\toks38
) (/usr/local/texlive/2025/texmf-dist/tex/latex/epstopdf-pkg/epstopdf-base.sty
Package: epstopdf-base 2020-01-24 v2.11 Base part for package epstopdf
Package epstopdf-base Info: Redefining graphics rule for `.eps' on input line 4
85.

(/usr/local/texlive/2025/texmf-dist/tex/latex/latexconfig/epstopdf-sys.cfg
File: epstopdf-sys.cfg 2010/07/13 v1.3 Configuration of (r)epstopdf for TeX Liv
e
))
Package hyperref Info: Link coloring ON on input line 24.

(docs/db-calls-a-to-z-template.out) (docs/db-calls-a-to-z-template.out)
\@outlinefile=\write4
\openout4 = `db-calls-a-to-z-template.out'.

LaTeX Font Info:    Trying to load font information for OT1+lmr on input line 2
6.

(/usr/local/texlive/2025/texmf-dist/tex/latex/lm/ot1lmr.fd
File: ot1lmr.fd 2015/05/01 v1.6.1 Font defs for Latin Modern
)
LaTeX Font Info:    Trying to load font information for OML+lmm on input line 2
6.

(/usr/local/texlive/2025/texmf-dist/tex/latex/lm/omllmm.fd
File: omllmm.fd 2015/05/01 v1.6.1 Font defs for Latin Modern
)
LaTeX Font Info:    Trying to load font information for OMS+lmsy on input line 
26.

(/usr/local/texlive/2025/texmf-dist/tex/latex/lm/omslmsy.fd
File: omslmsy.fd 2015/05/01 v1.6.1 Font defs for Latin Modern
)
LaTeX Font Info:    Trying to load font information for OMX+lmex on input line 
26.

(/usr/local/texlive/2025/texmf-dist/tex/latex/lm/omxlmex.fd
File: omxlmex.fd 2015/05/01 v1.6.1 Font defs for Latin Modern
)
LaTeX Font Info:    External font `lmex10' loaded for size
(Font)              <12> on input line 26.
LaTeX Font Info:    External font `lmex10' loaded for size
(Font)              <8> on input line 26.
LaTeX Font Info:    External font `lmex10' loaded for size
(Font)              <6> on input line 26.

(docs/db-calls-a-to-z-template.toc
LaTeX Font Info:    External font `lmex10' loaded for size
(Font)              <10.95> on input line 6.


[1

{/usr/local/texlive/2025/texmf-var/fonts/map/pdftex/updmap/pdftex.map}{/usr/loc
al/texlive/2025/texmf-dist/fonts/enc/dvips/lm/lm-ec.enc}]

[2])
\tf@toc=\write5
\openout5 = `db-calls-a-to-z-template.toc'.

LaTeX Font Info:    Trying to load font information for TS1+lmr on input line 3
0.
 (/usr/local/texlive/2025/texmf-dist/tex/latex/lm/ts1lmr.fd
File: ts1lmr.fd 2015/05/01 v1.6.1 Font defs for Latin Modern
)
LaTeX Font Info:    Trying to load font information for T1+lmtt on input line 3
0.

(/usr/local/texlive/2025/texmf-dist/tex/latex/lm/t1lmtt.fd
File: t1lmtt.fd 2015/05/01 v1.6.1 Font defs for Latin Modern
)
Overfull \hbox (11.63435pt too wide) in paragraph at lines 30--31
[]\T1/lmr/m/n/10.95 This tem-plate is pre-populated from cur-rent DB call-sites
 in \T1/lmtt/m/n/10.95 apps/api/src \T1/lmr/m/n/10.95 and \T1/lmtt/m/n/10.95 ap
ps/api/scripts\T1/lmr/m/n/10.95 . 
 []



[3]
Underfull \hbox (badness 10000) in paragraph at lines 61--62
[]|\T1/lmr/bx/n/10.95 Sync / Con-sis-tency
 []


Overfull \hbox (10.41872pt too wide) in alignment at lines 59--63
 [] [] [] [] 
 []


Underfull \hbox (badness 10000) in paragraph at lines 65--66
[]|\T1/lmr/bx/n/10.95 Sync / Con-sis-tency
 []


Overfull \hbox (10.41872pt too wide) in alignment at lines 63--67
 [] [] [] [] 
 []


Underfull \hbox (badness 10000) in paragraph at lines 68--68
[]|\T1/lmr/m/n/10.95 Auth
 []


Underfull \hbox (badness 10000) in paragraph at lines 68--68
\T1/lmr/m/n/10.95 signup/login/google,
 []


Underfull \hbox (badness 10000) in paragraph at lines 68--68
[]|\T1/lmr/m/n/10.95 Auth mid-dle-ware,
 []


Underfull \hbox (badness 10000) in paragraph at lines 68--68
\T1/lmr/m/n/10.95 so-cial/network end-
 []


Overfull \hbox (9.52763pt too wide) in paragraph at lines 69--69
[]|\T1/lmtt/m/n/10.95 dashboard_sessions| 
 []


Underfull \hbox (badness 10000) in paragraph at lines 70--70
[]|\T1/lmr/m/n/10.95 Jobs cre-
 []


Overfull \hbox (17.74202pt too wide) in paragraph at lines 70--70
\T1/lmr/m/n/10.95 ate/import/patch/delete,
 []


Underfull \hbox (badness 10000) in paragraph at lines 70--70
\T1/lmr/m/n/10.95 ex-ten-sion end-point,
 []


Underfull \hbox (badness 4341) in paragraph at lines 70--70
[]|\T1/lmr/m/n/10.95 Dashboard sum-mary,
 []


Underfull \hbox (badness 10000) in paragraph at lines 70--71
[]|[]\T1/lmr/bx/n/10.95 TODO: \T1/lmr/m/n/10.95 Doc-u-ment
 []


Underfull \hbox (badness 10000) in paragraph at lines 70--71
\T1/lmr/m/n/10.95 dedupe strat-egy and
 []


Underfull \hbox (badness 10000) in paragraph at lines 71--71
[]|\T1/lmr/m/n/10.95 Referral CRUD +
 []


Underfull \hbox (badness 10000) in paragraph at lines 71--71
[]|\T1/lmr/m/n/10.95 Referral list/trends,
 []


Underfull \hbox (badness 1275) in paragraph at lines 71--72
[]|[]\T1/lmr/bx/n/10.95 TODO: \T1/lmr/m/n/10.95 Doc-u-ment sync
 []


Underfull \hbox (badness 3568) in paragraph at lines 72--73
[]|[]\T1/lmr/bx/n/10.95 TODO: \T1/lmr/m/n/10.95 Clar-ify archive
 []


Overfull \hbox (14.65984pt too wide) in paragraph at lines 74--74
[]|\T1/lmr/m/n/10.95 Friends/requests/network
 []


Underfull \hbox (badness 2318) in paragraph at lines 74--75
[]|[]\T1/lmr/bx/n/10.95 TODO: \T1/lmr/m/n/10.95 Doc-u-ment lock
 []


Underfull \hbox (badness 5756) in paragraph at lines 75--75
[]|\T1/lmr/m/n/10.95 Target up-sert end-
 []


Underfull \hbox (badness 10000) in paragraph at lines 75--75
[]|\T1/lmr/m/n/10.95 Target/progress and
 []


Underfull \hbox (badness 10000) in paragraph at lines 75--76
[]|[]\T1/lmr/bx/n/10.95 TODO: \T1/lmr/m/n/10.95 Con-firm
 []


Underfull \hbox (badness 10000) in paragraph at lines 75--76
\T1/lmr/m/n/10.95 null/zero mean-ing by
 []


Overfull \hbox (26.77383pt too wide) in paragraph at lines 76--76
[]|\T1/lmtt/m/n/10.95 user_field_visibility| 
 []


Underfull \hbox (badness 10000) in paragraph at lines 76--77
[]|[]\T1/lmr/bx/n/10.95 TODO: \T1/lmr/m/n/10.95 Doc-u-ment re-
 []


Overfull \hbox (10.41872pt too wide) in alignment at lines 67--78
 [] [] [] [] 
 []

[4{/usr/local/texlive/2025/texmf-dist/fonts/enc/dvips/lm/lm-ts1.enc}]
Underfull \hbox (badness 10000) in paragraph at lines 86--86
[]|\T1/lmr/bx/n/10.95 Tables (de-
 []


Overfull \hbox (43.82298pt too wide) in alignment at lines 84--88
 [] [] [] [] [] [] 
 []


Underfull \hbox (badness 10000) in paragraph at lines 90--90
[]|\T1/lmr/bx/n/10.95 Tables (de-
 []


Overfull \hbox (43.82298pt too wide) in alignment at lines 88--92
 [] [] [] [] [] [] 
 []


Overfull \hbox (22.201pt too wide) in paragraph at lines 93--93
[]|\T1/lmr/m/n/10.95 dashboard_sessions,
 []


Underfull \hbox (badness 10000) in paragraph at lines 93--93
\T1/lmr/m/n/10.95 dash-
 []


Underfull \hbox (badness 10000) in paragraph at lines 93--94
[]|\T1/lmr/m/n/10.95 UI in-ter-
 []


Overfull \hbox (44.82362pt too wide) in paragraph at lines 93--94
\T1/lmr/m/n/10.95 face/apps/api/src/auth.ts:155| 
 []


Overfull \hbox (19.15936pt too wide) in paragraph at lines 94--94
[]|\T1/lmr/m/n/10.95 dashboard_sessions| 
 []


Underfull \hbox (badness 10000) in paragraph at lines 94--95
[]|\T1/lmr/m/n/10.95 UI in-ter-
 []


Overfull \hbox (44.82362pt too wide) in paragraph at lines 94--95
\T1/lmr/m/n/10.95 face/apps/api/src/auth.ts:118| 
 []


Underfull \hbox (badness 10000) in paragraph at lines 95--95
[]|\T1/lmr/m/n/10.95 DELETE
 []


Underfull \hbox (badness 10000) in paragraph at lines 95--95
[]|\T1/lmr/m/n/10.95 jobs,
 []


Underfull \hbox (badness 10000) in paragraph at lines 95--95
\T1/lmr/m/n/10.95 archive, on-
 []


Overfull \hbox (44.13158pt too wide) in paragraph at lines 95--95
\T1/lmr/m/n/10.95 line_assessment_records| 
 []


Underfull \hbox (badness 10000) in paragraph at lines 95--96
[]|\T1/lmr/m/n/10.95 UI in-ter-
 []


Overfull \hbox (54.25294pt too wide) in paragraph at lines 95--96
\T1/lmr/m/n/10.95 face/apps/api/src/index.ts:2955| 
 []


Underfull \hbox (badness 10000) in paragraph at lines 96--96
[]|\T1/lmr/m/n/10.95 DELETE
 []


Underfull \hbox (badness 10000) in paragraph at lines 96--96
[]|\T1/lmr/m/n/10.95 daily_notes,
 []


Underfull \hbox (badness 10000) in paragraph at lines 96--97
[]|\T1/lmr/m/n/10.95 UI in-ter-
 []


Overfull \hbox (54.25294pt too wide) in paragraph at lines 96--97
\T1/lmr/m/n/10.95 face/apps/api/src/index.ts:3777| 
 []


Underfull \hbox (badness 10000) in paragraph at lines 97--97
[]|\T1/lmr/m/n/10.95 DELETE
 []


Overfull \hbox (4.15489pt too wide) in paragraph at lines 97--97
\T1/lmr/m/n/10.95 /api/oa/archive/:id| 
 []


Overfull \hbox (58.73146pt too wide) in paragraph at lines 97--97
[]|\T1/lmr/m/n/10.95 online_assessment_records,
 []


Underfull \hbox (badness 10000) in paragraph at lines 97--98
[]|\T1/lmr/m/n/10.95 UI in-ter-
 []


Overfull \hbox (54.25294pt too wide) in paragraph at lines 97--98
\T1/lmr/m/n/10.95 face/apps/api/src/index.ts:3489| 
 []


Underfull \hbox (badness 10000) in paragraph at lines 98--98
[]|\T1/lmr/m/n/10.95 DELETE
 []


Underfull \hbox (badness 10000) in paragraph at lines 98--98
[]|\T1/lmr/m/n/10.95 referrals,
 []


Underfull \hbox (badness 10000) in paragraph at lines 98--99
[]|\T1/lmr/m/n/10.95 UI in-ter-
 []


Overfull \hbox (54.25294pt too wide) in paragraph at lines 98--99
\T1/lmr/m/n/10.95 face/apps/api/src/index.ts:3673| 
 []


Overfull \hbox (35.18013pt too wide) in paragraph at lines 99--99
[]|\T1/lmr/m/n/10.95 ensureAcceptedFriendship| 
 []


Underfull \hbox (badness 10000) in paragraph at lines 99--99
[]|\T1/lmr/m/n/10.95 friendships,
 []


Underfull \hbox (badness 10000) in paragraph at lines 99--99
\T1/lmr/m/n/10.95 dash-
 []


Underfull \hbox (badness 10000) in paragraph at lines 99--100
[]|\T1/lmr/m/n/10.95 UI
 []


Overfull \hbox (55.56087pt too wide) in paragraph at lines 99--100
\T1/lmr/m/n/10.95 interface/apps/api/scripts/seed-
 []


Underfull \hbox (badness 10000) in paragraph at lines 99--100
\T1/lmr/m/n/10.95 network-demo-
 []


Overfull \hbox (9.33469pt too wide) in paragraph at lines 100--100
[]|\T1/lmr/m/n/10.95 dashboard_users,
 []


Underfull \hbox (badness 10000) in paragraph at lines 100--100
\T1/lmr/m/n/10.95 dash-
 []


Underfull \hbox (badness 10000) in paragraph at lines 100--101
[]|\T1/lmr/m/n/10.95 UI in-ter-
 []


Overfull \hbox (44.82362pt too wide) in paragraph at lines 100--101
\T1/lmr/m/n/10.95 face/apps/api/src/auth.ts:100| 
 []


Overfull \hbox (9.33469pt too wide) in paragraph at lines 101--101
[]|\T1/lmr/m/n/10.95 dashboard_users,
 []


Underfull \hbox (badness 10000) in paragraph at lines 101--101
\T1/lmr/m/n/10.95 dash-
 []


Underfull \hbox (badness 10000) in paragraph at lines 101--102
[]|\T1/lmr/m/n/10.95 UI in-ter-
 []


Overfull \hbox (44.82362pt too wide) in paragraph at lines 101--102
\T1/lmr/m/n/10.95 face/apps/api/src/auth.ts:105| 
 []


Overfull \hbox (2.54306pt too wide) in paragraph at lines 102--102
[]|\T1/lmr/m/n/10.95 expectedJobsTrend| 
 []


Underfull \hbox (badness 10000) in paragraph at lines 102--103
[]|\T1/lmr/m/n/10.95 UI
 []


Overfull \hbox (60.36653pt too wide) in paragraph at lines 102--103
\T1/lmr/m/n/10.95 interface/apps/api/scripts/audit-
 []


Underfull \hbox (badness 10000) in paragraph at lines 102--103
\T1/lmr/m/n/10.95 dashboard-
 []


Overfull \hbox (23.59123pt too wide) in paragraph at lines 103--103
[]|\T1/lmr/m/n/10.95 expectedReferralsTrend| 
 []


Underfull \hbox (badness 10000) in paragraph at lines 103--104
[]|\T1/lmr/m/n/10.95 UI
 []


Overfull \hbox (60.36653pt too wide) in paragraph at lines 103--104
\T1/lmr/m/n/10.95 interface/apps/api/scripts/audit-
 []


Underfull \hbox (badness 10000) in paragraph at lines 103--104
\T1/lmr/m/n/10.95 dashboard-
 []


Underfull \hbox (badness 3439) in paragraph at lines 104--104
[]|\T1/lmr/m/n/10.95 jobs, re-fer-rals,
 []


Underfull \hbox (badness 10000) in paragraph at lines 104--105
[]|\T1/lmr/m/n/10.95 UI
 []


Overfull \hbox (60.36653pt too wide) in paragraph at lines 104--105
\T1/lmr/m/n/10.95 interface/apps/api/scripts/audit-
 []


Underfull \hbox (badness 10000) in paragraph at lines 104--105
\T1/lmr/m/n/10.95 dashboard-
 []


Underfull \hbox (badness 10000) in paragraph at lines 105--106
[]|\T1/lmr/m/n/10.95 UI
 []


Overfull \hbox (60.36653pt too wide) in paragraph at lines 105--106
\T1/lmr/m/n/10.95 interface/apps/api/scripts/audit-
 []


Underfull \hbox (badness 10000) in paragraph at lines 105--106
\T1/lmr/m/n/10.95 dashboard-
 []


Underfull \hbox (badness 10000) in paragraph at lines 106--107
[]|\T1/lmr/m/n/10.95 UI
 []


Overfull \hbox (60.36653pt too wide) in paragraph at lines 106--107
\T1/lmr/m/n/10.95 interface/apps/api/scripts/audit-
 []


Underfull \hbox (badness 10000) in paragraph at lines 106--107
\T1/lmr/m/n/10.95 dashboard-
 []


Underfull \hbox (badness 10000) in paragraph at lines 107--108
[]|\T1/lmr/m/n/10.95 UI
 []


Overfull \hbox (60.36653pt too wide) in paragraph at lines 107--108
\T1/lmr/m/n/10.95 interface/apps/api/scripts/audit-
 []


Underfull \hbox (badness 10000) in paragraph at lines 107--108
\T1/lmr/m/n/10.95 dashboard-
 []


Underfull \hbox (badness 10000) in paragraph at lines 108--109
[]|\T1/lmr/m/n/10.95 UI
 []


Overfull \hbox (60.36653pt too wide) in paragraph at lines 108--109
\T1/lmr/m/n/10.95 interface/apps/api/scripts/audit-
 []


Underfull \hbox (badness 10000) in paragraph at lines 108--109
\T1/lmr/m/n/10.95 dashboard-
 []


Underfull \hbox (badness 10000) in paragraph at lines 109--110
[]|\T1/lmr/m/n/10.95 UI
 []


Overfull \hbox (60.36653pt too wide) in paragraph at lines 109--110
\T1/lmr/m/n/10.95 interface/apps/api/scripts/audit-
 []


Underfull \hbox (badness 10000) in paragraph at lines 109--110
\T1/lmr/m/n/10.95 dashboard-
 []


Underfull \hbox (badness 10000) in paragraph at lines 110--111
[]|\T1/lmr/m/n/10.95 UI
 []


Overfull \hbox (60.36653pt too wide) in paragraph at lines 110--111
\T1/lmr/m/n/10.95 interface/apps/api/scripts/audit-
 []


Underfull \hbox (badness 10000) in paragraph at lines 110--111
\T1/lmr/m/n/10.95 dashboard-
 []


Underfull \hbox (badness 10000) in paragraph at lines 111--112
[]|\T1/lmr/m/n/10.95 UI
 []


Overfull \hbox (60.36653pt too wide) in paragraph at lines 111--112
\T1/lmr/m/n/10.95 interface/apps/api/scripts/audit-
 []


Underfull \hbox (badness 10000) in paragraph at lines 111--112
\T1/lmr/m/n/10.95 dashboard-
 []


Underfull \hbox (badness 10000) in paragraph at lines 112--113
[]|\T1/lmr/m/n/10.95 UI
 []


Overfull \hbox (60.36653pt too wide) in paragraph at lines 112--113
\T1/lmr/m/n/10.95 interface/apps/api/scripts/audit-
 []


Underfull \hbox (badness 10000) in paragraph at lines 112--113
\T1/lmr/m/n/10.95 dashboard-
 []


Underfull \hbox (badness 10000) in paragraph at lines 113--114
[]|\T1/lmr/m/n/10.95 UI
 []


Overfull \hbox (60.36653pt too wide) in paragraph at lines 113--114
\T1/lmr/m/n/10.95 interface/apps/api/scripts/audit-
 []


Underfull \hbox (badness 10000) in paragraph at lines 113--114
\T1/lmr/m/n/10.95 dashboard-
 []


Underfull \hbox (badness 10000) in paragraph at lines 114--114
[]|\T1/lmr/m/n/10.95 jobs, pend-
 []


Underfull \hbox (badness 10000) in paragraph at lines 114--115
[]|\T1/lmr/m/n/10.95 UI
 []


Overfull \hbox (60.36653pt too wide) in paragraph at lines 114--115
\T1/lmr/m/n/10.95 interface/apps/api/scripts/audit-
 []


Underfull \hbox (badness 10000) in paragraph at lines 114--115
\T1/lmr/m/n/10.95 dashboard-
 []


Underfull \hbox (badness 10000) in paragraph at lines 115--115
[]|\T1/lmr/m/n/10.95 pending_items,
 []


Underfull \hbox (badness 10000) in paragraph at lines 115--116
[]|\T1/lmr/m/n/10.95 UI
 []


Overfull \hbox (60.36653pt too wide) in paragraph at lines 115--116
\T1/lmr/m/n/10.95 interface/apps/api/scripts/audit-
 []


Underfull \hbox (badness 10000) in paragraph at lines 115--116
\T1/lmr/m/n/10.95 dashboard-
 []


Underfull \hbox (badness 10000) in paragraph at lines 116--116
[]|\T1/lmr/m/n/10.95 jobs, weeks,
 []


Underfull \hbox (badness 10000) in paragraph at lines 116--117
[]|\T1/lmr/m/n/10.95 UI
 []


Overfull \hbox (60.36653pt too wide) in paragraph at lines 116--117
\T1/lmr/m/n/10.95 interface/apps/api/scripts/audit-
 []


Underfull \hbox (badness 10000) in paragraph at lines 116--117
\T1/lmr/m/n/10.95 dashboard-
 []


Underfull \hbox (badness 10000) in paragraph at lines 117--118
[]|\T1/lmr/m/n/10.95 UI
 []


Overfull \hbox (60.36653pt too wide) in paragraph at lines 117--118
\T1/lmr/m/n/10.95 interface/apps/api/scripts/audit-
 []


Underfull \hbox (badness 10000) in paragraph at lines 117--118
\T1/lmr/m/n/10.95 dashboard-
 []


Overfull \hbox (36.35446pt too wide) in paragraph at lines 118--118
[]|\T1/lmr/m/n/10.95 DYNAMIC/UNKNOWN| 
 []


Underfull \hbox (badness 10000) in paragraph at lines 118--119
[]|\T1/lmr/m/n/10.95 UI
 []


Overfull \hbox (51.88019pt too wide) in paragraph at lines 118--119
\T1/lmr/m/n/10.95 interface/apps/api/scripts/run-
 []


Underfull \hbox (badness 10000) in paragraph at lines 119--119
[]|\T1/lmr/m/n/10.95 GET
 []


Overfull \hbox (35.33102pt too wide) in paragraph at lines 119--119
\T1/lmr/m/n/10.95 /api/dashboard/summary| 
 []


Underfull \hbox (badness 10000) in paragraph at lines 119--120
[]|\T1/lmr/m/n/10.95 UI in-ter-
 []


Overfull \hbox (54.25294pt too wide) in paragraph at lines 119--120
\T1/lmr/m/n/10.95 face/apps/api/src/index.ts:1399| 
 []


Underfull \hbox (badness 10000) in paragraph at lines 120--120
[]|\T1/lmr/m/n/10.95 GET
 []


Overfull \hbox (35.33102pt too wide) in paragraph at lines 120--120
\T1/lmr/m/n/10.95 /api/dashboard/summary| 
 []


Underfull \hbox (badness 10000) in paragraph at lines 120--121
[]|\T1/lmr/m/n/10.95 UI in-ter-
 []


Overfull \hbox (54.25294pt too wide) in paragraph at lines 120--121
\T1/lmr/m/n/10.95 face/apps/api/src/index.ts:1400| 
 []


Underfull \hbox (badness 10000) in paragraph at lines 121--121
[]|\T1/lmr/m/n/10.95 GET
 []


Overfull \hbox (35.33102pt too wide) in paragraph at lines 121--121
\T1/lmr/m/n/10.95 /api/dashboard/summary| 
 []


Underfull \hbox (badness 10000) in paragraph at lines 121--122
[]|\T1/lmr/m/n/10.95 UI in-ter-
 []


Overfull \hbox (54.25294pt too wide) in paragraph at lines 121--122
\T1/lmr/m/n/10.95 face/apps/api/src/index.ts:1405| 
 []


Underfull \hbox (badness 10000) in paragraph at lines 122--122
[]|\T1/lmr/m/n/10.95 GET
 []


Overfull \hbox (35.33102pt too wide) in paragraph at lines 122--122
\T1/lmr/m/n/10.95 /api/dashboard/summary| 
 []


Underfull \hbox (badness 10000) in paragraph at lines 122--123
[]|\T1/lmr/m/n/10.95 UI in-ter-
 []


Overfull \hbox (54.25294pt too wide) in paragraph at lines 122--123
\T1/lmr/m/n/10.95 face/apps/api/src/index.ts:1417| 
 []


Underfull \hbox (badness 10000) in paragraph at lines 123--123
[]|\T1/lmr/m/n/10.95 GET
 []


Overfull \hbox (35.33102pt too wide) in paragraph at lines 123--123
\T1/lmr/m/n/10.95 /api/dashboard/summary| 
 []


Underfull \hbox (badness 10000) in paragraph at lines 123--124
[]|\T1/lmr/m/n/10.95 UI in-ter-
 []


Overfull \hbox (54.25294pt too wide) in paragraph at lines 123--124
\T1/lmr/m/n/10.95 face/apps/api/src/index.ts:1429| 
 []


Underfull \hbox (badness 10000) in paragraph at lines 124--124
[]|\T1/lmr/m/n/10.95 GET
 []


Overfull \hbox (35.33102pt too wide) in paragraph at lines 124--124
\T1/lmr/m/n/10.95 /api/dashboard/summary| 
 []


Underfull \hbox (badness 10000) in paragraph at lines 124--125
[]|\T1/lmr/m/n/10.95 UI in-ter-
 []


Overfull \hbox (54.25294pt too wide) in paragraph at lines 124--125
\T1/lmr/m/n/10.95 face/apps/api/src/index.ts:1440| 
 []


Underfull \hbox (badness 10000) in paragraph at lines 125--125
[]|\T1/lmr/m/n/10.95 GET
 []


Overfull \hbox (35.33102pt too wide) in paragraph at lines 125--125
\T1/lmr/m/n/10.95 /api/dashboard/summary| 
 []


Underfull \hbox (badness 10000) in paragraph at lines 125--126
[]|\T1/lmr/m/n/10.95 UI in-ter-
 []


Overfull \hbox (54.25294pt too wide) in paragraph at lines 125--126
\T1/lmr/m/n/10.95 face/apps/api/src/index.ts:1450| 
 []


Underfull \hbox (badness 10000) in paragraph at lines 126--126
[]|\T1/lmr/m/n/10.95 GET
 []


Overfull \hbox (35.33102pt too wide) in paragraph at lines 126--126
\T1/lmr/m/n/10.95 /api/dashboard/summary| 
 []


Underfull \hbox (badness 10000) in paragraph at lines 126--127
[]|\T1/lmr/m/n/10.95 UI in-ter-
 []


Overfull \hbox (54.25294pt too wide) in paragraph at lines 126--127
\T1/lmr/m/n/10.95 face/apps/api/src/index.ts:1456| 
 []


Underfull \hbox (badness 10000) in paragraph at lines 127--127
[]|\T1/lmr/m/n/10.95 GET
 []


Overfull \hbox (35.33102pt too wide) in paragraph at lines 127--127
\T1/lmr/m/n/10.95 /api/dashboard/summary| 
 []


Underfull \hbox (badness 10000) in paragraph at lines 127--128
[]|\T1/lmr/m/n/10.95 UI in-ter-
 []


Overfull \hbox (54.25294pt too wide) in paragraph at lines 127--128
\T1/lmr/m/n/10.95 face/apps/api/src/index.ts:1462| 
 []


Underfull \hbox (badness 10000) in paragraph at lines 128--128
[]|\T1/lmr/m/n/10.95 GET
 []


Overfull \hbox (35.33102pt too wide) in paragraph at lines 128--128
\T1/lmr/m/n/10.95 /api/dashboard/summary| 
 []


Underfull \hbox (badness 10000) in paragraph at lines 128--129
[]|\T1/lmr/m/n/10.95 UI in-ter-
 []


Overfull \hbox (54.25294pt too wide) in paragraph at lines 128--129
\T1/lmr/m/n/10.95 face/apps/api/src/index.ts:1485| 
 []


Underfull \hbox (badness 10000) in paragraph at lines 129--129
[]|\T1/lmr/m/n/10.95 GET
 []


Overfull \hbox (35.33102pt too wide) in paragraph at lines 129--129
\T1/lmr/m/n/10.95 /api/dashboard/summary| 
 []


Underfull \hbox (badness 10000) in paragraph at lines 129--130
[]|\T1/lmr/m/n/10.95 UI in-ter-
 []


Overfull \hbox (54.25294pt too wide) in paragraph at lines 129--130
\T1/lmr/m/n/10.95 face/apps/api/src/index.ts:1509| 
 []


Underfull \hbox (badness 10000) in paragraph at lines 130--130
[]|\T1/lmr/m/n/10.95 GET
 []


Overfull \hbox (35.33102pt too wide) in paragraph at lines 130--130
\T1/lmr/m/n/10.95 /api/dashboard/summary| 
 []


Underfull \hbox (badness 10000) in paragraph at lines 130--131
[]|\T1/lmr/m/n/10.95 UI in-ter-
 []


Overfull \hbox (54.25294pt too wide) in paragraph at lines 130--131
\T1/lmr/m/n/10.95 face/apps/api/src/index.ts:1533| 
 []


Underfull \hbox (badness 10000) in paragraph at lines 131--131
[]|\T1/lmr/m/n/10.95 GET
 []


Overfull \hbox (35.33102pt too wide) in paragraph at lines 131--131
\T1/lmr/m/n/10.95 /api/dashboard/summary| 
 []


Underfull \hbox (badness 10000) in paragraph at lines 131--132
[]|\T1/lmr/m/n/10.95 UI in-ter-
 []


Overfull \hbox (54.25294pt too wide) in paragraph at lines 131--132
\T1/lmr/m/n/10.95 face/apps/api/src/index.ts:1557| 
 []


Underfull \hbox (badness 10000) in paragraph at lines 132--132
[]|\T1/lmr/m/n/10.95 GET
 []


Overfull \hbox (35.33102pt too wide) in paragraph at lines 132--132
\T1/lmr/m/n/10.95 /api/dashboard/summary| 
 []


Underfull \hbox (badness 10000) in paragraph at lines 132--132
[]|\T1/lmr/m/n/10.95 jobs, weeks,
 []


Underfull \hbox (badness 10000) in paragraph at lines 132--133
[]|\T1/lmr/m/n/10.95 UI in-ter-
 []


Overfull \hbox (54.25294pt too wide) in paragraph at lines 132--133
\T1/lmr/m/n/10.95 face/apps/api/src/index.ts:1584| 
 []


Underfull \hbox (badness 10000) in paragraph at lines 133--133
[]|\T1/lmr/m/n/10.95 GET
 []


Overfull \hbox (35.33102pt too wide) in paragraph at lines 133--133
\T1/lmr/m/n/10.95 /api/dashboard/summary| 
 []


Underfull \hbox (badness 10000) in paragraph at lines 133--134
[]|\T1/lmr/m/n/10.95 UI in-ter-
 []


Overfull \hbox (54.25294pt too wide) in paragraph at lines 133--134
\T1/lmr/m/n/10.95 face/apps/api/src/index.ts:1610| 
 []


Underfull \hbox (badness 10000) in paragraph at lines 134--134
[]|\T1/lmr/m/n/10.95 GET
 []


Overfull \hbox (35.33102pt too wide) in paragraph at lines 134--134
\T1/lmr/m/n/10.95 /api/dashboard/summary| 
 []


Underfull \hbox (badness 10000) in paragraph at lines 134--135
[]|\T1/lmr/m/n/10.95 UI in-ter-
 []


Overfull \hbox (54.25294pt too wide) in paragraph at lines 134--135
\T1/lmr/m/n/10.95 face/apps/api/src/index.ts:1623| 
 []


Underfull \hbox (badness 10000) in paragraph at lines 135--135
[]|\T1/lmr/m/n/10.95 GET
 []


Overfull \hbox (35.33102pt too wide) in paragraph at lines 135--135
\T1/lmr/m/n/10.95 /api/dashboard/summary| 
 []


Underfull \hbox (badness 10000) in paragraph at lines 135--136
[]|\T1/lmr/m/n/10.95 UI in-ter-
 []


Overfull \hbox (54.25294pt too wide) in paragraph at lines 135--136
\T1/lmr/m/n/10.95 face/apps/api/src/index.ts:1636| 
 []


Underfull \hbox (badness 10000) in paragraph at lines 136--137
[]|\T1/lmr/m/n/10.95 UI in-ter-
 []


Overfull \hbox (54.25294pt too wide) in paragraph at lines 136--137
\T1/lmr/m/n/10.95 face/apps/api/src/index.ts:2348| 
 []


Overfull \hbox (36.35446pt too wide) in paragraph at lines 137--137
[]|\T1/lmr/m/n/10.95 DYNAMIC/UNKNOWN| 
 []


Underfull \hbox (badness 10000) in paragraph at lines 137--138
[]|\T1/lmr/m/n/10.95 UI in-ter-
 []


Overfull \hbox (54.25294pt too wide) in paragraph at lines 137--138
\T1/lmr/m/n/10.95 face/apps/api/src/index.ts:2358| 
 []


Underfull \hbox (badness 10000) in paragraph at lines 138--139
[]|\T1/lmr/m/n/10.95 UI in-ter-
 []


Overfull \hbox (54.25294pt too wide) in paragraph at lines 138--139
\T1/lmr/m/n/10.95 face/apps/api/src/index.ts:2414| 
 []


Underfull \hbox (badness 10000) in paragraph at lines 139--140
[]|\T1/lmr/m/n/10.95 UI in-ter-
 []


Overfull \hbox (54.25294pt too wide) in paragraph at lines 139--140
\T1/lmr/m/n/10.95 face/apps/api/src/index.ts:2431| 
 []


Underfull \hbox (badness 10000) in paragraph at lines 140--141
[]|\T1/lmr/m/n/10.95 UI in-ter-
 []


Overfull \hbox (54.25294pt too wide) in paragraph at lines 140--141
\T1/lmr/m/n/10.95 face/apps/api/src/index.ts:2452| 
 []


Underfull \hbox (badness 10000) in paragraph at lines 141--141
[]|\T1/lmr/m/n/10.95 GET
 []


Underfull \hbox (badness 10000) in paragraph at lines 141--142
[]|\T1/lmr/m/n/10.95 UI in-ter-
 []


Overfull \hbox (54.25294pt too wide) in paragraph at lines 141--142
\T1/lmr/m/n/10.95 face/apps/api/src/index.ts:1684| 
 []


Underfull \hbox (badness 10000) in paragraph at lines 142--142
[]|\T1/lmr/m/n/10.95 GET
 []


Underfull \hbox (badness 10000) in paragraph at lines 142--143
[]|\T1/lmr/m/n/10.95 UI in-ter-
 []


Overfull \hbox (54.25294pt too wide) in paragraph at lines 142--143
\T1/lmr/m/n/10.95 face/apps/api/src/index.ts:2014| 
 []


Underfull \hbox (badness 10000) in paragraph at lines 143--143
[]|\T1/lmr/m/n/10.95 GET
 []


Underfull \hbox (badness 10000) in paragraph at lines 143--144
[]|\T1/lmr/m/n/10.95 UI in-ter-
 []


Overfull \hbox (54.25294pt too wide) in paragraph at lines 143--144
\T1/lmr/m/n/10.95 face/apps/api/src/index.ts:2030| 
 []


Underfull \hbox (badness 10000) in paragraph at lines 144--144
[]|\T1/lmr/m/n/10.95 GET
 []


Underfull \hbox (badness 10000) in paragraph at lines 144--145
[]|\T1/lmr/m/n/10.95 UI in-ter-
 []


Overfull \hbox (54.25294pt too wide) in paragraph at lines 144--145
\T1/lmr/m/n/10.95 face/apps/api/src/index.ts:2051| 
 []


Underfull \hbox (badness 10000) in paragraph at lines 145--145
[]|\T1/lmr/m/n/10.95 GET
 []


Underfull \hbox (badness 10000) in paragraph at lines 145--146
[]|\T1/lmr/m/n/10.95 UI in-ter-
 []


Overfull \hbox (54.25294pt too wide) in paragraph at lines 145--146
\T1/lmr/m/n/10.95 face/apps/api/src/index.ts:2084| 
 []


Underfull \hbox (badness 10000) in paragraph at lines 146--147
[]|\T1/lmr/m/n/10.95 UI in-ter-
 []


Overfull \hbox (54.25294pt too wide) in paragraph at lines 146--147
\T1/lmr/m/n/10.95 face/apps/api/src/index.ts:3691| 
 []


Underfull \hbox (badness 10000) in paragraph at lines 147--147
[]|\T1/lmr/m/n/10.95 GET
 []


Underfull \hbox (badness 10000) in paragraph at lines 147--147
[]|\T1/lmr/m/n/10.95 archive, on-
 []


Overfull \hbox (47.17322pt too wide) in paragraph at lines 147--147
\T1/lmr/m/n/10.95 line_assessment_records,
 []


Underfull \hbox (badness 10000) in paragraph at lines 147--147
\T1/lmr/m/n/10.95 jobs, pend-
 []


Underfull \hbox (badness 10000) in paragraph at lines 147--148
[]|\T1/lmr/m/n/10.95 UI in-ter-
 []


Overfull \hbox (54.25294pt too wide) in paragraph at lines 147--148
\T1/lmr/m/n/10.95 face/apps/api/src/index.ts:2970| 
 []


Underfull \hbox (badness 10000) in paragraph at lines 148--148
[]|\T1/lmr/m/n/10.95 GET
 []


Overfull \hbox (55.68982pt too wide) in paragraph at lines 148--148
[]|\T1/lmr/m/n/10.95 online_assessment_records| 
 []


Underfull \hbox (badness 10000) in paragraph at lines 148--149
[]|\T1/lmr/m/n/10.95 UI in-ter-
 []


Overfull \hbox (54.25294pt too wide) in paragraph at lines 148--149
\T1/lmr/m/n/10.95 face/apps/api/src/index.ts:3006| 
 []


Underfull \hbox (badness 10000) in paragraph at lines 149--149
[]|\T1/lmr/m/n/10.95 GET
 []


Overfull \hbox (55.68982pt too wide) in paragraph at lines 149--149
[]|\T1/lmr/m/n/10.95 online_assessment_records| 
 []


Underfull \hbox (badness 10000) in paragraph at lines 149--150
[]|\T1/lmr/m/n/10.95 UI in-ter-
 []


Overfull \hbox (54.25294pt too wide) in paragraph at lines 149--150
\T1/lmr/m/n/10.95 face/apps/api/src/index.ts:3017| 
 []


Underfull \hbox (badness 10000) in paragraph at lines 150--150
[]|\T1/lmr/m/n/10.95 GET
 []


Underfull \hbox (badness 10000) in paragraph at lines 150--151
[]|\T1/lmr/m/n/10.95 UI in-ter-
 []


Overfull \hbox (54.25294pt too wide) in paragraph at lines 150--151
\T1/lmr/m/n/10.95 face/apps/api/src/index.ts:3791| 
 []


Underfull \hbox (badness 10000) in paragraph at lines 151--151
[]|\T1/lmr/m/n/10.95 GET
 []


Underfull \hbox (badness 10000) in paragraph at lines 151--152
[]|\T1/lmr/m/n/10.95 UI in-ter-
 []


Overfull \hbox (54.25294pt too wide) in paragraph at lines 151--152
\T1/lmr/m/n/10.95 face/apps/api/src/index.ts:3797| 
 []


Underfull \hbox (badness 10000) in paragraph at lines 152--152
[]|\T1/lmr/m/n/10.95 GET
 []


Underfull \hbox (badness 10000) in paragraph at lines 152--153
[]|\T1/lmr/m/n/10.95 UI in-ter-
 []


Overfull \hbox (54.25294pt too wide) in paragraph at lines 152--153
\T1/lmr/m/n/10.95 face/apps/api/src/index.ts:3520| 
 []


Underfull \hbox (badness 10000) in paragraph at lines 153--153
[]|\T1/lmr/m/n/10.95 GET
 []


Underfull \hbox (badness 10000) in paragraph at lines 153--154
[]|\T1/lmr/m/n/10.95 UI in-ter-
 []


Overfull \hbox (54.25294pt too wide) in paragraph at lines 153--154
\T1/lmr/m/n/10.95 face/apps/api/src/index.ts:3601| 
 []


Underfull \hbox (badness 10000) in paragraph at lines 154--154
[]|\T1/lmr/m/n/10.95 GET
 []


Overfull \hbox (6.13199pt too wide) in paragraph at lines 154--154
\T1/lmr/m/n/10.95 /api/referrals/trend| 
 []


Underfull \hbox (badness 10000) in paragraph at lines 154--155
[]|\T1/lmr/m/n/10.95 UI in-ter-
 []


Overfull \hbox (54.25294pt too wide) in paragraph at lines 154--155
\T1/lmr/m/n/10.95 face/apps/api/src/index.ts:3560| 
 []


Underfull \hbox (badness 10000) in paragraph at lines 155--155
[]|\T1/lmr/m/n/10.95 GET
 []


Overfull \hbox (13.82771pt too wide) in paragraph at lines 155--155
\T1/lmr/m/n/10.95 /api/targets/progress| 
 []


Underfull \hbox (badness 10000) in paragraph at lines 155--156
[]|\T1/lmr/m/n/10.95 UI in-ter-
 []


Overfull \hbox (48.77795pt too wide) in paragraph at lines 155--156
\T1/lmr/m/n/10.95 face/apps/api/src/index.ts:513| 
 []


Underfull \hbox (badness 10000) in paragraph at lines 156--156
[]|\T1/lmr/m/n/10.95 GET
 []


Overfull \hbox (13.82771pt too wide) in paragraph at lines 156--156
\T1/lmr/m/n/10.95 /api/targets/progress| 
 []


Underfull \hbox (badness 10000) in paragraph at lines 156--157
[]|\T1/lmr/m/n/10.95 UI in-ter-
 []


Overfull \hbox (48.77795pt too wide) in paragraph at lines 156--157
\T1/lmr/m/n/10.95 face/apps/api/src/index.ts:525| 
 []


Underfull \hbox (badness 10000) in paragraph at lines 157--157
[]|\T1/lmr/m/n/10.95 GET
 []


Overfull \hbox (13.82771pt too wide) in paragraph at lines 157--157
\T1/lmr/m/n/10.95 /api/targets/progress| 
 []


Underfull \hbox (badness 10000) in paragraph at lines 157--158
[]|\T1/lmr/m/n/10.95 UI in-ter-
 []


Overfull \hbox (48.77795pt too wide) in paragraph at lines 157--158
\T1/lmr/m/n/10.95 face/apps/api/src/index.ts:538| 
 []


Underfull \hbox (badness 10000) in paragraph at lines 158--158
[]|\T1/lmr/m/n/10.95 jobs, can-di-
 []


Underfull \hbox (badness 10000) in paragraph at lines 158--158
\T1/lmr/m/n/10.95 date_jobs,
 []


Underfull \hbox (badness 10000) in paragraph at lines 158--159
[]|\T1/lmr/m/n/10.95 UI
 []


Overfull \hbox (60.36653pt too wide) in paragraph at lines 158--159
\T1/lmr/m/n/10.95 interface/apps/api/scripts/audit-
 []


Underfull \hbox (badness 10000) in paragraph at lines 159--159
[]|\T1/lmr/m/n/10.95 jobs, can-di-
 []


Underfull \hbox (badness 10000) in paragraph at lines 159--159
\T1/lmr/m/n/10.95 date_jobs,
 []


Underfull \hbox (badness 10000) in paragraph at lines 159--160
[]|\T1/lmr/m/n/10.95 UI
 []


Overfull \hbox (60.36653pt too wide) in paragraph at lines 159--160
\T1/lmr/m/n/10.95 interface/apps/api/scripts/audit-
 []


Underfull \hbox (badness 10000) in paragraph at lines 160--160
[]|\T1/lmr/m/n/10.95 jobs, can-di-
 []


Underfull \hbox (badness 10000) in paragraph at lines 160--160
\T1/lmr/m/n/10.95 date_jobs,
 []


Underfull \hbox (badness 10000) in paragraph at lines 160--161
[]|\T1/lmr/m/n/10.95 UI
 []


Overfull \hbox (60.36653pt too wide) in paragraph at lines 160--161
\T1/lmr/m/n/10.95 interface/apps/api/scripts/audit-
 []


Underfull \hbox (badness 10000) in paragraph at lines 161--161
[]|\T1/lmr/m/n/10.95 jobs, can-di-
 []


Underfull \hbox (badness 10000) in paragraph at lines 161--161
\T1/lmr/m/n/10.95 date_jobs,
 []


Underfull \hbox (badness 10000) in paragraph at lines 161--162
[]|\T1/lmr/m/n/10.95 UI
 []


Overfull \hbox (60.36653pt too wide) in paragraph at lines 161--162
\T1/lmr/m/n/10.95 interface/apps/api/scripts/audit-
 []


Overfull \hbox (6.29305pt too wide) in paragraph at lines 162--162
[]|\T1/lmr/m/n/10.95 dashboard_users| 
 []


Underfull \hbox (badness 10000) in paragraph at lines 162--163
[]|\T1/lmr/m/n/10.95 UI
 []


Overfull \hbox (55.56087pt too wide) in paragraph at lines 162--163
\T1/lmr/m/n/10.95 interface/apps/api/scripts/seed-
 []


Underfull \hbox (badness 10000) in paragraph at lines 162--163
\T1/lmr/m/n/10.95 network-demo-
 []


Overfull \hbox (9.33469pt too wide) in paragraph at lines 163--163
[]|\T1/lmr/m/n/10.95 dashboard_users,
 []


Underfull \hbox (badness 10000) in paragraph at lines 163--164
[]|\T1/lmr/m/n/10.95 UI
 []


Overfull \hbox (55.56087pt too wide) in paragraph at lines 163--164
\T1/lmr/m/n/10.95 interface/apps/api/scripts/seed-
 []


Underfull \hbox (badness 10000) in paragraph at lines 163--164
\T1/lmr/m/n/10.95 network-demo-
 []


Overfull \hbox (9.33469pt too wide) in paragraph at lines 164--164
[]|\T1/lmr/m/n/10.95 dashboard_users,
 []


Underfull \hbox (badness 10000) in paragraph at lines 164--165
[]|\T1/lmr/m/n/10.95 UI
 []


Overfull \hbox (55.56087pt too wide) in paragraph at lines 164--165
\T1/lmr/m/n/10.95 interface/apps/api/scripts/seed-
 []


Underfull \hbox (badness 10000) in paragraph at lines 164--165
\T1/lmr/m/n/10.95 network-demo-
 []


Underfull \hbox (badness 10000) in paragraph at lines 165--166
[]|\T1/lmr/m/n/10.95 UI
 []


Overfull \hbox (55.56087pt too wide) in paragraph at lines 165--166
\T1/lmr/m/n/10.95 interface/apps/api/scripts/seed-
 []


Underfull \hbox (badness 10000) in paragraph at lines 165--166
\T1/lmr/m/n/10.95 network-demo-
 []


Overfull \hbox (6.29305pt too wide) in paragraph at lines 166--166
[]|\T1/lmr/m/n/10.95 dashboard_users| 
 []


Underfull \hbox (badness 10000) in paragraph at lines 166--167
[]|\T1/lmr/m/n/10.95 UI
 []


Overfull \hbox (55.56087pt too wide) in paragraph at lines 166--167
\T1/lmr/m/n/10.95 interface/apps/api/scripts/seed-
 []


Overfull \hbox (6.29305pt too wide) in paragraph at lines 167--167
[]|\T1/lmr/m/n/10.95 dashboard_users| 
 []


Underfull \hbox (badness 10000) in paragraph at lines 167--168
[]|\T1/lmr/m/n/10.95 UI
 []


Overfull \hbox (55.56087pt too wide) in paragraph at lines 167--168
\T1/lmr/m/n/10.95 interface/apps/api/scripts/seed-
 []


Overfull \hbox (6.29305pt too wide) in paragraph at lines 168--168
[]|\T1/lmr/m/n/10.95 dashboard_users| 
 []


Underfull \hbox (badness 10000) in paragraph at lines 168--169
[]|\T1/lmr/m/n/10.95 UI
 []


Overfull \hbox (48.86934pt too wide) in paragraph at lines 168--169
\T1/lmr/m/n/10.95 interface/apps/api/scripts/set-
 []


Overfull \hbox (9.33469pt too wide) in paragraph at lines 169--169
[]|\T1/lmr/m/n/10.95 dashboard_users,
 []


Underfull \hbox (badness 10000) in paragraph at lines 169--170
[]|\T1/lmr/m/n/10.95 UI
 []


Overfull \hbox (48.86934pt too wide) in paragraph at lines 169--170
\T1/lmr/m/n/10.95 interface/apps/api/scripts/set-
 []


Overfull \hbox (9.33469pt too wide) in paragraph at lines 170--170
[]|\T1/lmr/m/n/10.95 dashboard_users,
 []


Underfull \hbox (badness 10000) in paragraph at lines 170--171
[]|\T1/lmr/m/n/10.95 UI
 []


Overfull \hbox (48.86934pt too wide) in paragraph at lines 170--171
\T1/lmr/m/n/10.95 interface/apps/api/scripts/set-
 []


Underfull \hbox (badness 10000) in paragraph at lines 171--172
[]|\T1/lmr/m/n/10.95 UI
 []


Overfull \hbox (56.47354pt too wide) in paragraph at lines 171--172
\T1/lmr/m/n/10.95 interface/apps/api/scripts/sync-
 []


Underfull \hbox (badness 10000) in paragraph at lines 171--172
\T1/lmr/m/n/10.95 referrals-from-
 []


Underfull \hbox (badness 10000) in paragraph at lines 172--172
[]|\T1/lmr/m/n/10.95 PATCH
 []


Underfull \hbox (badness 10000) in paragraph at lines 172--173
[]|\T1/lmr/m/n/10.95 UI in-ter-
 []


Overfull \hbox (54.25294pt too wide) in paragraph at lines 172--173
\T1/lmr/m/n/10.95 face/apps/api/src/index.ts:2904| 
 []


Underfull \hbox (badness 10000) in paragraph at lines 173--173
[]|\T1/lmr/m/n/10.95 PATCH
 []


Underfull \hbox (badness 10000) in paragraph at lines 173--173
[]|\T1/lmr/m/n/10.95 daily_notes,
 []


Underfull \hbox (badness 10000) in paragraph at lines 173--174
[]|\T1/lmr/m/n/10.95 UI in-ter-
 []


Overfull \hbox (54.25294pt too wide) in paragraph at lines 173--174
\T1/lmr/m/n/10.95 face/apps/api/src/index.ts:3765| 
 []


Underfull \hbox (badness 10000) in paragraph at lines 174--174
[]|\T1/lmr/m/n/10.95 PATCH
 []


Overfull \hbox (4.15489pt too wide) in paragraph at lines 174--174
\T1/lmr/m/n/10.95 /api/oa/archive/:id| 
 []


Overfull \hbox (55.68982pt too wide) in paragraph at lines 174--174
[]|\T1/lmr/m/n/10.95 online_assessment_records| 
 []


Underfull \hbox (badness 10000) in paragraph at lines 174--175
[]|\T1/lmr/m/n/10.95 UI in-ter-
 []


Overfull \hbox (54.25294pt too wide) in paragraph at lines 174--175
\T1/lmr/m/n/10.95 face/apps/api/src/index.ts:3395| 
 []


Underfull \hbox (badness 10000) in paragraph at lines 175--175
[]|\T1/lmr/m/n/10.95 PATCH
 []


Overfull \hbox (4.15489pt too wide) in paragraph at lines 175--175
\T1/lmr/m/n/10.95 /api/oa/archive/:id| 
 []


Overfull \hbox (55.68982pt too wide) in paragraph at lines 175--175
[]|\T1/lmr/m/n/10.95 online_assessment_records| 
 []


Underfull \hbox (badness 10000) in paragraph at lines 175--176
[]|\T1/lmr/m/n/10.95 UI in-ter-
 []


Overfull \hbox (54.25294pt too wide) in paragraph at lines 175--176
\T1/lmr/m/n/10.95 face/apps/api/src/index.ts:3477| 
 []


Underfull \hbox (badness 10000) in paragraph at lines 176--176
[]|\T1/lmr/m/n/10.95 PATCH
 []


Underfull \hbox (badness 10000) in paragraph at lines 176--177
[]|\T1/lmr/m/n/10.95 UI in-ter-
 []


Overfull \hbox (54.25294pt too wide) in paragraph at lines 176--177
\T1/lmr/m/n/10.95 face/apps/api/src/index.ts:3886| 
 []


Underfull \hbox (badness 10000) in paragraph at lines 177--177
[]|\T1/lmr/m/n/10.95 PATCH
 []


Underfull \hbox (badness 10000) in paragraph at lines 177--178
[]|\T1/lmr/m/n/10.95 UI in-ter-
 []


Overfull \hbox (54.25294pt too wide) in paragraph at lines 177--178
\T1/lmr/m/n/10.95 face/apps/api/src/index.ts:3661| 
 []


Underfull \hbox (badness 10000) in paragraph at lines 178--178
[]|\T1/lmr/m/n/10.95 POST
 []


Overfull \hbox (16.68639pt too wide) in paragraph at lines 178--178
\T1/lmr/m/n/10.95 /api/friends/:id/block| 
 []


Underfull \hbox (badness 10000) in paragraph at lines 178--179
[]|\T1/lmr/m/n/10.95 UI in-ter-
 []


Overfull \hbox (48.77795pt too wide) in paragraph at lines 178--179
\T1/lmr/m/n/10.95 face/apps/api/src/index.ts:873| 
 []


Underfull \hbox (badness 10000) in paragraph at lines 179--179
[]|\T1/lmr/m/n/10.95 POST
 []


Overfull \hbox (17.93353pt too wide) in paragraph at lines 179--179
\T1/lmr/m/n/10.95 /api/friends/:id/reject| 
 []


Underfull \hbox (badness 10000) in paragraph at lines 179--180
[]|\T1/lmr/m/n/10.95 UI in-ter-
 []


Overfull \hbox (48.77795pt too wide) in paragraph at lines 179--180
\T1/lmr/m/n/10.95 face/apps/api/src/index.ts:846| 
 []


Underfull \hbox (badness 10000) in paragraph at lines 180--180
[]|\T1/lmr/m/n/10.95 POST
 []


Overfull \hbox (8.26138pt too wide) in paragraph at lines 180--180
\T1/lmr/m/n/10.95 /api/friends/request| 
 []


Overfull \hbox (9.33469pt too wide) in paragraph at lines 180--180
[]|\T1/lmr/m/n/10.95 dashboard_users,
 []


Underfull \hbox (badness 10000) in paragraph at lines 180--181
[]|\T1/lmr/m/n/10.95 UI in-ter-
 []


Overfull \hbox (48.77795pt too wide) in paragraph at lines 180--181
\T1/lmr/m/n/10.95 face/apps/api/src/index.ts:665| 
 []


Underfull \hbox (badness 10000) in paragraph at lines 181--181
[]|\T1/lmr/m/n/10.95 POST
 []


Overfull \hbox (8.26138pt too wide) in paragraph at lines 181--181
\T1/lmr/m/n/10.95 /api/friends/request| 
 []


Overfull \hbox (9.33469pt too wide) in paragraph at lines 181--181
[]|\T1/lmr/m/n/10.95 dashboard_users,
 []


Underfull \hbox (badness 10000) in paragraph at lines 181--182
[]|\T1/lmr/m/n/10.95 UI in-ter-
 []


Overfull \hbox (48.77795pt too wide) in paragraph at lines 181--182
\T1/lmr/m/n/10.95 face/apps/api/src/index.ts:674| 
 []


Underfull \hbox (badness 10000) in paragraph at lines 182--182
[]|\T1/lmr/m/n/10.95 POST
 []


Overfull \hbox (8.26138pt too wide) in paragraph at lines 182--182
\T1/lmr/m/n/10.95 /api/friends/request| 
 []


Underfull \hbox (badness 10000) in paragraph at lines 182--183
[]|\T1/lmr/m/n/10.95 UI in-ter-
 []


Overfull \hbox (48.77795pt too wide) in paragraph at lines 182--183
\T1/lmr/m/n/10.95 face/apps/api/src/index.ts:704| 
 []


Underfull \hbox (badness 10000) in paragraph at lines 183--183
[]|\T1/lmr/m/n/10.95 POST
 []


Overfull \hbox (8.26138pt too wide) in paragraph at lines 183--183
\T1/lmr/m/n/10.95 /api/friends/request| 
 []


Underfull \hbox (badness 10000) in paragraph at lines 183--184
[]|\T1/lmr/m/n/10.95 UI in-ter-
 []


Overfull \hbox (48.77795pt too wide) in paragraph at lines 183--184
\T1/lmr/m/n/10.95 face/apps/api/src/index.ts:729| 
 []


Underfull \hbox (badness 10000) in paragraph at lines 184--184
[]|\T1/lmr/m/n/10.95 POST
 []


Overfull \hbox (14.00969pt too wide) in paragraph at lines 184--184
\T1/lmr/m/n/10.95 /api/jobs/import/csv| 
 []


Overfull \hbox (6.64635pt too wide) in paragraph at lines 184--184
[]|\T1/lmr/m/n/10.95 transaction| 
 []


Underfull \hbox (badness 10000) in paragraph at lines 184--185
[]|\T1/lmr/m/n/10.95 UI in-ter-
 []


Overfull \hbox (54.25294pt too wide) in paragraph at lines 184--185
\T1/lmr/m/n/10.95 face/apps/api/src/index.ts:2789| 
 []


Underfull \hbox (badness 10000) in paragraph at lines 185--186
[]|\T1/lmr/m/n/10.95 UI in-ter-
 []


Overfull \hbox (54.25294pt too wide) in paragraph at lines 185--186
\T1/lmr/m/n/10.95 face/apps/api/src/index.ts:3717| 
 []


Underfull \hbox (badness 10000) in paragraph at lines 186--186
[]|\T1/lmr/m/n/10.95 POST
 []


Overfull \hbox (28.7613pt too wide) in paragraph at lines 186--186
\T1/lmr/m/n/10.95 /api/oa/complete/:jobId| 
 []


Overfull \hbox (55.68982pt too wide) in paragraph at lines 186--186
[]|\T1/lmr/m/n/10.95 online_assessment_records| 
 []


Underfull \hbox (badness 10000) in paragraph at lines 186--187
[]|\T1/lmr/m/n/10.95 UI in-ter-
 []


Overfull \hbox (54.25294pt too wide) in paragraph at lines 186--187
\T1/lmr/m/n/10.95 face/apps/api/src/index.ts:3153| 
 []


Underfull \hbox (badness 10000) in paragraph at lines 187--187
[]|\T1/lmr/m/n/10.95 POST
 []


Underfull \hbox (badness 10000) in paragraph at lines 187--188
[]|\T1/lmr/m/n/10.95 UI in-ter-
 []


Overfull \hbox (54.25294pt too wide) in paragraph at lines 187--188
\T1/lmr/m/n/10.95 face/apps/api/src/index.ts:3819| 
 []


Underfull \hbox (badness 10000) in paragraph at lines 188--188
[]|\T1/lmr/m/n/10.95 POST
 []


Underfull \hbox (badness 10000) in paragraph at lines 188--189
[]|\T1/lmr/m/n/10.95 UI in-ter-
 []


Overfull \hbox (54.25294pt too wide) in paragraph at lines 188--189
\T1/lmr/m/n/10.95 face/apps/api/src/index.ts:3529| 
 []


Underfull \hbox (badness 10000) in paragraph at lines 189--189
[]|\T1/lmr/m/n/10.95 POST
 []


Overfull \hbox (6.29305pt too wide) in paragraph at lines 189--189
[]|\T1/lmr/m/n/10.95 dashboard_users| 
 []


Underfull \hbox (badness 10000) in paragraph at lines 189--190
[]|\T1/lmr/m/n/10.95 UI in-ter-
 []


Overfull \hbox (48.77795pt too wide) in paragraph at lines 189--190
\T1/lmr/m/n/10.95 face/apps/api/src/index.ts:345| 
 []


Underfull \hbox (badness 10000) in paragraph at lines 190--190
[]|\T1/lmr/m/n/10.95 POST
 []


Overfull \hbox (6.29305pt too wide) in paragraph at lines 190--190
[]|\T1/lmr/m/n/10.95 dashboard_users| 
 []


Underfull \hbox (badness 10000) in paragraph at lines 190--191
[]|\T1/lmr/m/n/10.95 UI in-ter-
 []


Overfull \hbox (48.77795pt too wide) in paragraph at lines 190--191
\T1/lmr/m/n/10.95 face/apps/api/src/index.ts:364| 
 []


Underfull \hbox (badness 10000) in paragraph at lines 191--191
[]|\T1/lmr/m/n/10.95 POST
 []


Overfull \hbox (6.29305pt too wide) in paragraph at lines 191--191
[]|\T1/lmr/m/n/10.95 dashboard_users| 
 []


Underfull \hbox (badness 10000) in paragraph at lines 191--192
[]|\T1/lmr/m/n/10.95 UI in-ter-
 []


Overfull \hbox (48.77795pt too wide) in paragraph at lines 191--192
\T1/lmr/m/n/10.95 face/apps/api/src/index.ts:375| 
 []


Underfull \hbox (badness 10000) in paragraph at lines 192--192
[]|\T1/lmr/m/n/10.95 POST
 []


Overfull \hbox (6.29305pt too wide) in paragraph at lines 192--192
[]|\T1/lmr/m/n/10.95 dashboard_users| 
 []


Underfull \hbox (badness 10000) in paragraph at lines 192--193
[]|\T1/lmr/m/n/10.95 UI in-ter-
 []


Overfull \hbox (48.77795pt too wide) in paragraph at lines 192--193
\T1/lmr/m/n/10.95 face/apps/api/src/index.ts:237| 
 []


Underfull \hbox (badness 10000) in paragraph at lines 193--193
[]|\T1/lmr/m/n/10.95 POST
 []


Overfull \hbox (6.29305pt too wide) in paragraph at lines 193--193
[]|\T1/lmr/m/n/10.95 dashboard_users| 
 []


Underfull \hbox (badness 10000) in paragraph at lines 193--194
[]|\T1/lmr/m/n/10.95 UI in-ter-
 []


Overfull \hbox (48.77795pt too wide) in paragraph at lines 193--194
\T1/lmr/m/n/10.95 face/apps/api/src/index.ts:249| 
 []


Overfull \hbox (36.35446pt too wide) in paragraph at lines 194--194
[]|\T1/lmr/m/n/10.95 DYNAMIC/UNKNOWN| 
 []


Underfull \hbox (badness 10000) in paragraph at lines 194--195
[]|\T1/lmr/m/n/10.95 UI in-ter-
 []


Overfull \hbox (29.61519pt too wide) in paragraph at lines 194--195
\T1/lmr/m/n/10.95 face/apps/api/src/db.ts:17| 
 []


Underfull \hbox (badness 10000) in paragraph at lines 195--196
[]|\T1/lmr/m/n/10.95 UI
 []


Overfull \hbox (55.56087pt too wide) in paragraph at lines 195--196
\T1/lmr/m/n/10.95 interface/apps/api/scripts/seed-
 []


Underfull \hbox (badness 10000) in paragraph at lines 195--196
\T1/lmr/m/n/10.95 network-demo-
 []


Underfull \hbox (badness 10000) in paragraph at lines 196--197
[]|\T1/lmr/m/n/10.95 UI
 []


Overfull \hbox (55.56087pt too wide) in paragraph at lines 196--197
\T1/lmr/m/n/10.95 interface/apps/api/scripts/seed-
 []


Underfull \hbox (badness 10000) in paragraph at lines 196--197
\T1/lmr/m/n/10.95 network-demo-
 []


Overfull \hbox (8.5655pt too wide) in paragraph at lines 197--197
[]|\T1/lmr/m/n/10.95 resolveScopedUserId| 
 []


Overfull \hbox (6.29305pt too wide) in paragraph at lines 197--197
[]|\T1/lmr/m/n/10.95 dashboard_users| 
 []


Underfull \hbox (badness 10000) in paragraph at lines 197--198
[]|\T1/lmr/m/n/10.95 UI
 []


Overfull \hbox (60.36653pt too wide) in paragraph at lines 197--198
\T1/lmr/m/n/10.95 interface/apps/api/scripts/audit-
 []


Overfull \hbox (8.5655pt too wide) in paragraph at lines 198--198
[]|\T1/lmr/m/n/10.95 resolveScopedUserId| 
 []


Overfull \hbox (6.29305pt too wide) in paragraph at lines 198--198
[]|\T1/lmr/m/n/10.95 dashboard_users| 
 []


Underfull \hbox (badness 10000) in paragraph at lines 198--199
[]|\T1/lmr/m/n/10.95 UI
 []


Overfull \hbox (56.47354pt too wide) in paragraph at lines 198--199
\T1/lmr/m/n/10.95 interface/apps/api/scripts/sync-
 []


Underfull \hbox (badness 10000) in paragraph at lines 198--199
\T1/lmr/m/n/10.95 referrals-from-
 []


Overfull \hbox (22.201pt too wide) in paragraph at lines 199--199
[]|\T1/lmr/m/n/10.95 dashboard_sessions,
 []


Underfull \hbox (badness 10000) in paragraph at lines 199--199
\T1/lmr/m/n/10.95 dash-
 []


Underfull \hbox (badness 10000) in paragraph at lines 199--200
[]|\T1/lmr/m/n/10.95 UI in-ter-
 []


Overfull \hbox (44.82362pt too wide) in paragraph at lines 199--200
\T1/lmr/m/n/10.95 face/apps/api/src/auth.ts:131| 
 []


Underfull \hbox (badness 10000) in paragraph at lines 200--201
[]|\T1/lmr/m/n/10.95 UI
 []


Overfull \hbox (55.56087pt too wide) in paragraph at lines 200--201
\T1/lmr/m/n/10.95 interface/apps/api/scripts/seed-
 []


Underfull \hbox (badness 10000) in paragraph at lines 200--201
\T1/lmr/m/n/10.95 network-demo-
 []


Overfull \hbox (12.03339pt too wide) in paragraph at lines 201--201
[]|\T1/lmr/m/n/10.95 syncReferralsForUser| 
 []


Underfull \hbox (badness 10000) in paragraph at lines 201--202
[]|\T1/lmr/m/n/10.95 UI
 []


Overfull \hbox (55.56087pt too wide) in paragraph at lines 201--202
\T1/lmr/m/n/10.95 interface/apps/api/scripts/seed-
 []


Underfull \hbox (badness 10000) in paragraph at lines 201--202
\T1/lmr/m/n/10.95 network-demo-
 []


Overfull \hbox (12.03339pt too wide) in paragraph at lines 202--202
[]|\T1/lmr/m/n/10.95 syncReferralsForUser| 
 []


Underfull \hbox (badness 10000) in paragraph at lines 202--203
[]|\T1/lmr/m/n/10.95 UI
 []


Overfull \hbox (55.56087pt too wide) in paragraph at lines 202--203
\T1/lmr/m/n/10.95 interface/apps/api/scripts/seed-
 []


Underfull \hbox (badness 10000) in paragraph at lines 202--203
\T1/lmr/m/n/10.95 network-demo-
 []


Overfull \hbox (36.35446pt too wide) in paragraph at lines 203--203
[]|\T1/lmr/m/n/10.95 DYNAMIC/UNKNOWN| 
 []


Underfull \hbox (badness 10000) in paragraph at lines 203--204
[]|\T1/lmr/m/n/10.95 UI in-ter-
 []


Overfull \hbox (29.61519pt too wide) in paragraph at lines 203--204
\T1/lmr/m/n/10.95 face/apps/api/src/db.ts:32| 
 []


Overfull \hbox (9.33469pt too wide) in paragraph at lines 204--204
[]|\T1/lmr/m/n/10.95 dashboard_users,
 []


Underfull \hbox (badness 10000) in paragraph at lines 204--205
[]|\T1/lmr/m/n/10.95 UI
 []


Overfull \hbox (55.56087pt too wide) in paragraph at lines 204--205
\T1/lmr/m/n/10.95 interface/apps/api/scripts/seed-
 []


Underfull \hbox (badness 10000) in paragraph at lines 204--205
\T1/lmr/m/n/10.95 network-demo-
 []


Overfull \hbox (9.33469pt too wide) in paragraph at lines 205--205
[]|\T1/lmr/m/n/10.95 dashboard_users,
 []


Underfull \hbox (badness 10000) in paragraph at lines 205--206
[]|\T1/lmr/m/n/10.95 UI
 []


Overfull \hbox (55.56087pt too wide) in paragraph at lines 205--206
\T1/lmr/m/n/10.95 interface/apps/api/scripts/seed-
 []


Underfull \hbox (badness 10000) in paragraph at lines 205--206
\T1/lmr/m/n/10.95 network-demo-
 []


Overfull \hbox (43.82298pt too wide) in alignment at lines 92--207
 [] [] [] [] [] [] 
 []

[5] [6] [7] [8] [9] [10] [11]

[12]

[13]

[14]

[15]
Overfull \hbox (28.6158pt too wide) in paragraph at lines 361--362
[]\T1/lmr/bx/n/10.95 Code snip-pet: \T1/lmtt/m/n/10.95 const [owner] = await qu
ery<{ id: number; email: string; first_name:
 []



[16]

[17]

[18]
Overfull \hbox (11.3696pt too wide) in paragraph at lines 433--434
[]\T1/lmr/bx/n/10.95 Code snip-pet: \T1/lmtt/m/n/10.95 const [referrals] = awai
t sql.query("SELECT COUNT(*)::int AS c FROM
 []



[19]

[20]

[21]

[22]

[23]

[24]

[25]

[26]
Overfull \hbox (17.11833pt too wide) in paragraph at lines 685--686
[]\T1/lmr/bx/n/10.95 Code snip-pet: \T1/lmtt/m/n/10.95 const [referralCount] = 
await query<{ count: string }>(env, "SELECT
 []



[27]

[28]

[29]

[30]

[31]
Overfull \hbox (22.86707pt too wide) in paragraph at lines 847--848
[]\T1/lmr/bx/n/10.95 Code snip-pet: \T1/lmtt/m/n/10.95 const referralDailyTrend
 = await query<{ day: string; total: number
 []



[32]
Overfull \hbox (22.86707pt too wide) in paragraph at lines 865--866
[]\T1/lmr/bx/n/10.95 Code snip-pet: \T1/lmtt/m/n/10.95 const rejectedDailyTrend
 = await query<{ day: string; total: number
 []


Overfull \hbox (17.11833pt too wide) in paragraph at lines 883--884
[]\T1/lmr/bx/n/10.95 Code snip-pet: \T1/lmtt/m/n/10.95 const pendingDailyTrend 
= await query<{ day: string; total: number
 []



[33]
Overfull \hbox (11.3696pt too wide) in paragraph at lines 919--920
[]\T1/lmr/bx/n/10.95 Code snip-pet: \T1/lmtt/m/n/10.95 const weeklyTrend = awai
t query<{ week: string; total: number }>( 
 []



[34]
Overfull \hbox (11.3696pt too wide) in paragraph at lines 937--938
[]\T1/lmr/bx/n/10.95 Code snip-pet: \T1/lmtt/m/n/10.95 const responseStatusTren
d = await query<{ response_status: string;
 []


Overfull \hbox (28.6158pt too wide) in paragraph at lines 955--956
[]\T1/lmr/bx/n/10.95 Code snip-pet: \T1/lmtt/m/n/10.95 const oaStatusTrend = aw
ait query<{ oa_status: string; total: number
 []



[35]

[36]
Overfull \hbox (74.60567pt too wide) in paragraph at lines 1009--1010
[]\T1/lmr/bx/n/10.95 Code snip-pet: \T1/lmtt/m/n/10.95 const rows = await query
(c.env, `${baseSql}${whereClause}${orderLimitOffset}`,
 []



[37]

[38]

[39]
Overfull \hbox (45.862pt too wide) in paragraph at lines 1081--1082
[]\T1/lmr/bx/n/10.95 Code snip-pet: \T1/lmtt/m/n/10.95 const trendData = await 
query<{ day: string; applied: number; rejected:
 []



[40]

[41]

[42]

[43]

[44]

[45]
Overfull \hbox (5.62086pt too wide) in paragraph at lines 1297--1298
[]\T1/lmr/bx/n/10.95 Code snip-pet: \T1/lmtt/m/n/10.95 const [row] = await quer
y(c.env, "SELECT * FROM referrals WHERE id
 []



[46]

[47]

[48]

[49]

[50]

[51]
Overfull \hbox (28.6158pt too wide) in paragraph at lines 1459--1460
[]\T1/lmr/bx/n/10.95 Code snip-pet: \T1/lmtt/m/n/10.95 const [owner] = await sq
l.query(`SELECT id, email FROM dashboard_users
 []



[52]

[53]

[54]

[55]

[56]

[57]

[58]

[59]

[60]
Overfull \hbox (22.86707pt too wide) in paragraph at lines 1747--1748
[]\T1/lmr/bx/n/10.95 Code snip-pet: \T1/lmtt/m/n/10.95 const [row] = await quer
y<{ id: number; status: string; blocked_at:
 []


Overfull \hbox (28.6158pt too wide) in paragraph at lines 1765--1766
[]\T1/lmr/bx/n/10.95 Code snip-pet: \T1/lmtt/m/n/10.95 const [row] = await quer
y<{ id: number; status: string; rejected_at:
 []



[61]

[62]

[63]

[64]

[65]

[66]

[67]

[68]
Overfull \hbox (17.11833pt too wide) in paragraph at lines 1999--2000
[]\T1/lmr/bx/n/10.95 Code snip-pet: \T1/lmtt/m/n/10.95 const [existing] = await
 query<{ id: number; password_hash: string
 []


Overfull \hbox (22.86707pt too wide) in paragraph at lines 2017--2018
[]\T1/lmr/bx/n/10.95 Code snip-pet: \T1/lmtt/m/n/10.95 const [user] = await que
ry<{ id: number; email: string; first_name:
 []



[69]

[70]

[71]

[72]

[73]

[74]
Overfull \hbox (45.862pt too wide) in paragraph at lines 2197--2198
[]\T1/lmr/bx/n/10.95 Code snip-pet: \T1/lmtt/m/n/10.95 const queries = statemen
ts.map((stmt) => sql.query(stmt.text, stmt.params
 []



[75]
Overfull \hbox (11.3696pt too wide) in paragraph at lines 2233--2234
[]\T1/lmr/bx/n/10.95 Code snip-pet: \T1/lmtt/m/n/10.95 const [row] = await sql.
query(`SELECT id FROM dashboard_users WHERE
 []



[76]
Overfull \hbox (136.50374pt too wide) in paragraph at lines 2277--2278
 [] 
 []



[77]
Overfull \hbox (52.05222pt too wide) in paragraph at lines 2307--2308
 [] 
 []


Overfull \hbox (142.277pt too wide) in paragraph at lines 2350--2351
 [] 
 []



[78]

[79] (docs/db-calls-a-to-z-template.aux)
 ***********
LaTeX2e <2024-11-01> patch level 2
L3 programming layer <2025-01-18>
 ***********
Package rerunfilecheck Info: File `db-calls-a-to-z-template.out' has not change
d.
(rerunfilecheck)             Checksum: F4F4A1E31B29522758FDEB362557BA11;24255.
 ) 
Here is how much of TeX's memory you used:
 21978 strings out of 473190
 416332 string characters out of 5715801
 935320 words of memory out of 5000000
 44646 multiletter control sequences out of 15000+600000
 602517 words of font info for 63 fonts, out of 8000000 for 9000
 1141 hyphenation exceptions out of 8191
 102i,6n,107p,471b,772s stack positions out of 10000i,1000n,20000p,200000b,200000s
</usr/local/texlive/2025/texmf-dist/fonts/type1/public/lm/lmbx10.pfb></usr/lo
cal/texlive/2025/texmf-dist/fonts/type1/public/lm/lmbx12.pfb></usr/local/texliv
e/2025/texmf-dist/fonts/type1/public/lm/lmr10.pfb></usr/local/texlive/2025/texm
f-dist/fonts/type1/public/lm/lmr12.pfb></usr/local/texlive/2025/texmf-dist/font
s/type1/public/lm/lmr17.pfb></usr/local/texlive/2025/texmf-dist/fonts/type1/pub
lic/lm/lmr8.pfb></usr/local/texlive/2025/texmf-dist/fonts/type1/public/lm/lmtt1
0.pfb></usr/local/texlive/2025/texmf-dist/fonts/type1/public/lm/lmtt8.pfb>
Output written on docs/db-calls-a-to-z-template.pdf (79 pages, 358844 bytes).
PDF statistics:
 1075 PDF objects out of 1200 (max. 8388607)
 967 compressed objects within 10 object streams
 217 named destinations out of 1000 (max. 500000)
 997 words of extra memory for PDF output out of 10000 (max. 10000000)

