\BOOKMARK [1][-]{section.1}{\376\377\000H\000o\000w\000\040\000t\000o\000\040\000U\000s\000e\000\040\000T\000h\000i\000s\000\040\000T\000e\000m\000p\000l\000a\000t\000e}{}% 1
\BOOKMARK [1][-]{section.2}{\376\377\000S\000y\000s\000t\000e\000m\000\040\000S\000y\000n\000c\000\040\000D\000i\000a\000g\000r\000a\000m\000\040\000\050\000H\000i\000g\000h\000-\000L\000e\000v\000e\000l\000\051}{}% 2
\BOOKMARK [1][-]{section.3}{\376\377\000E\000n\000t\000i\000t\000y\000\040\000S\000y\000n\000c\000\040\000M\000a\000t\000r\000i\000x}{}% 3
\BOOKMARK [1][-]{section.4}{\376\377\000D\000B\000\040\000C\000a\000l\000l\000\040\000I\000n\000v\000e\000n\000t\000o\000r\000y\000\040\000S\000u\000m\000m\000a\000r\000y}{}% 4
\BOOKMARK [1][-]{section.5}{\376\377\000D\000B\000\040\000C\000a\000l\000l\000s\000\040\000A\040\023\000Z\000\040\000\050\000D\000e\000t\000a\000i\000l\000e\000d\000\040\000T\000e\000m\000p\000l\000a\000t\000e\000\051}{}% 5
\BOOKMARK [2][-]{subsection.5.1}{\376\377\000D\000B\000-\0000\0000\0001\000\040\000-\000\040\000a\000u\000t\000h\000M\000i\000d\000d\000l\000e\000w\000a\000r\000e}{section.5}% 6
\BOOKMARK [2][-]{subsection.5.2}{\376\377\000D\000B\000-\0000\0000\0002\000\040\000-\000\040\000c\000r\000e\000a\000t\000e\000S\000e\000s\000s\000i\000o\000n}{section.5}% 7
\BOOKMARK [2][-]{subsection.5.3}{\376\377\000D\000B\000-\0000\0000\0003\000\040\000-\000\040\000D\000E\000L\000E\000T\000E\000\040\000/\000a\000p\000i\000/\000j\000o\000b\000s\000/\000:\000i\000d}{section.5}% 8
\BOOKMARK [2][-]{subsection.5.4}{\376\377\000D\000B\000-\0000\0000\0004\000\040\000-\000\040\000D\000E\000L\000E\000T\000E\000\040\000/\000a\000p\000i\000/\000n\000o\000t\000e\000s\000/\000:\000i\000d}{section.5}% 9
\BOOKMARK [2][-]{subsection.5.5}{\376\377\000D\000B\000-\0000\0000\0005\000\040\000-\000\040\000D\000E\000L\000E\000T\000E\000\040\000/\000a\000p\000i\000/\000o\000a\000/\000a\000r\000c\000h\000i\000v\000e\000/\000:\000i\000d}{section.5}% 10
\BOOKMARK [2][-]{subsection.5.6}{\376\377\000D\000B\000-\0000\0000\0006\000\040\000-\000\040\000D\000E\000L\000E\000T\000E\000\040\000/\000a\000p\000i\000/\000r\000e\000f\000e\000r\000r\000a\000l\000s\000/\000:\000i\000d}{section.5}% 11
\BOOKMARK [2][-]{subsection.5.7}{\376\377\000D\000B\000-\0000\0000\0007\000\040\000-\000\040\000e\000n\000s\000u\000r\000e\000A\000c\000c\000e\000p\000t\000e\000d\000F\000r\000i\000e\000n\000d\000s\000h\000i\000p}{section.5}% 12
\BOOKMARK [2][-]{subsection.5.8}{\376\377\000D\000B\000-\0000\0000\0008\000\040\000-\000\040\000e\000n\000s\000u\000r\000e\000O\000w\000n\000e\000r\000U\000s\000e\000r}{section.5}% 13
\BOOKMARK [2][-]{subsection.5.9}{\376\377\000D\000B\000-\0000\0000\0009\000\040\000-\000\040\000e\000n\000s\000u\000r\000e\000O\000w\000n\000e\000r\000U\000s\000e\000r}{section.5}% 14
\BOOKMARK [2][-]{subsection.5.10}{\376\377\000D\000B\000-\0000\0001\0000\000\040\000-\000\040\000e\000x\000p\000e\000c\000t\000e\000d\000J\000o\000b\000s\000T\000r\000e\000n\000d}{section.5}% 15
\BOOKMARK [2][-]{subsection.5.11}{\376\377\000D\000B\000-\0000\0001\0001\000\040\000-\000\040\000e\000x\000p\000e\000c\000t\000e\000d\000R\000e\000f\000e\000r\000r\000a\000l\000s\000T\000r\000e\000n\000d}{section.5}% 16
\BOOKMARK [2][-]{subsection.5.12}{\376\377\000D\000B\000-\0000\0001\0002\000\040\000-\000\040\000e\000x\000p\000e\000c\000t\000e\000d\000S\000u\000m\000m\000a\000r\000y}{section.5}% 17
\BOOKMARK [2][-]{subsection.5.13}{\376\377\000D\000B\000-\0000\0001\0003\000\040\000-\000\040\000e\000x\000p\000e\000c\000t\000e\000d\000S\000u\000m\000m\000a\000r\000y}{section.5}% 18
\BOOKMARK [2][-]{subsection.5.14}{\376\377\000D\000B\000-\0000\0001\0004\000\040\000-\000\040\000e\000x\000p\000e\000c\000t\000e\000d\000S\000u\000m\000m\000a\000r\000y}{section.5}% 19
\BOOKMARK [2][-]{subsection.5.15}{\376\377\000D\000B\000-\0000\0001\0005\000\040\000-\000\040\000e\000x\000p\000e\000c\000t\000e\000d\000S\000u\000m\000m\000a\000r\000y}{section.5}% 20
\BOOKMARK [2][-]{subsection.5.16}{\376\377\000D\000B\000-\0000\0001\0006\000\040\000-\000\040\000e\000x\000p\000e\000c\000t\000e\000d\000S\000u\000m\000m\000a\000r\000y}{section.5}% 21
\BOOKMARK [2][-]{subsection.5.17}{\376\377\000D\000B\000-\0000\0001\0007\000\040\000-\000\040\000e\000x\000p\000e\000c\000t\000e\000d\000S\000u\000m\000m\000a\000r\000y}{section.5}% 22
\BOOKMARK [2][-]{subsection.5.18}{\376\377\000D\000B\000-\0000\0001\0008\000\040\000-\000\040\000e\000x\000p\000e\000c\000t\000e\000d\000S\000u\000m\000m\000a\000r\000y}{section.5}% 23
\BOOKMARK [2][-]{subsection.5.19}{\376\377\000D\000B\000-\0000\0001\0009\000\040\000-\000\040\000e\000x\000p\000e\000c\000t\000e\000d\000S\000u\000m\000m\000a\000r\000y}{section.5}% 24
\BOOKMARK [2][-]{subsection.5.20}{\376\377\000D\000B\000-\0000\0002\0000\000\040\000-\000\040\000e\000x\000p\000e\000c\000t\000e\000d\000S\000u\000m\000m\000a\000r\000y}{section.5}% 25
\BOOKMARK [2][-]{subsection.5.21}{\376\377\000D\000B\000-\0000\0002\0001\000\040\000-\000\040\000e\000x\000p\000e\000c\000t\000e\000d\000S\000u\000m\000m\000a\000r\000y}{section.5}% 26
\BOOKMARK [2][-]{subsection.5.22}{\376\377\000D\000B\000-\0000\0002\0002\000\040\000-\000\040\000e\000x\000p\000e\000c\000t\000e\000d\000S\000u\000m\000m\000a\000r\000y}{section.5}% 27
\BOOKMARK [2][-]{subsection.5.23}{\376\377\000D\000B\000-\0000\0002\0003\000\040\000-\000\040\000e\000x\000p\000e\000c\000t\000e\000d\000S\000u\000m\000m\000a\000r\000y}{section.5}% 28
\BOOKMARK [2][-]{subsection.5.24}{\376\377\000D\000B\000-\0000\0002\0004\000\040\000-\000\040\000e\000x\000p\000e\000c\000t\000e\000d\000S\000u\000m\000m\000a\000r\000y}{section.5}% 29
\BOOKMARK [2][-]{subsection.5.25}{\376\377\000D\000B\000-\0000\0002\0005\000\040\000-\000\040\000e\000x\000p\000e\000c\000t\000e\000d\000S\000u\000m\000m\000a\000r\000y}{section.5}% 30
\BOOKMARK [2][-]{subsection.5.26}{\376\377\000D\000B\000-\0000\0002\0006\000\040\000-\000\040\000f\000i\000r\000s\000t\000L\000i\000n\000e}{section.5}% 31
\BOOKMARK [2][-]{subsection.5.27}{\376\377\000D\000B\000-\0000\0002\0007\000\040\000-\000\040\000G\000E\000T\000\040\000/\000a\000p\000i\000/\000d\000a\000s\000h\000b\000o\000a\000r\000d\000/\000s\000u\000m\000m\000a\000r\000y}{section.5}% 32
\BOOKMARK [2][-]{subsection.5.28}{\376\377\000D\000B\000-\0000\0002\0008\000\040\000-\000\040\000G\000E\000T\000\040\000/\000a\000p\000i\000/\000d\000a\000s\000h\000b\000o\000a\000r\000d\000/\000s\000u\000m\000m\000a\000r\000y}{section.5}% 33
\BOOKMARK [2][-]{subsection.5.29}{\376\377\000D\000B\000-\0000\0002\0009\000\040\000-\000\040\000G\000E\000T\000\040\000/\000a\000p\000i\000/\000d\000a\000s\000h\000b\000o\000a\000r\000d\000/\000s\000u\000m\000m\000a\000r\000y}{section.5}% 34
\BOOKMARK [2][-]{subsection.5.30}{\376\377\000D\000B\000-\0000\0003\0000\000\040\000-\000\040\000G\000E\000T\000\040\000/\000a\000p\000i\000/\000d\000a\000s\000h\000b\000o\000a\000r\000d\000/\000s\000u\000m\000m\000a\000r\000y}{section.5}% 35
\BOOKMARK [2][-]{subsection.5.31}{\376\377\000D\000B\000-\0000\0003\0001\000\040\000-\000\040\000G\000E\000T\000\040\000/\000a\000p\000i\000/\000d\000a\000s\000h\000b\000o\000a\000r\000d\000/\000s\000u\000m\000m\000a\000r\000y}{section.5}% 36
\BOOKMARK [2][-]{subsection.5.32}{\376\377\000D\000B\000-\0000\0003\0002\000\040\000-\000\040\000G\000E\000T\000\040\000/\000a\000p\000i\000/\000d\000a\000s\000h\000b\000o\000a\000r\000d\000/\000s\000u\000m\000m\000a\000r\000y}{section.5}% 37
\BOOKMARK [2][-]{subsection.5.33}{\376\377\000D\000B\000-\0000\0003\0003\000\040\000-\000\040\000G\000E\000T\000\040\000/\000a\000p\000i\000/\000d\000a\000s\000h\000b\000o\000a\000r\000d\000/\000s\000u\000m\000m\000a\000r\000y}{section.5}% 38
\BOOKMARK [2][-]{subsection.5.34}{\376\377\000D\000B\000-\0000\0003\0004\000\040\000-\000\040\000G\000E\000T\000\040\000/\000a\000p\000i\000/\000d\000a\000s\000h\000b\000o\000a\000r\000d\000/\000s\000u\000m\000m\000a\000r\000y}{section.5}% 39
\BOOKMARK [2][-]{subsection.5.35}{\376\377\000D\000B\000-\0000\0003\0005\000\040\000-\000\040\000G\000E\000T\000\040\000/\000a\000p\000i\000/\000d\000a\000s\000h\000b\000o\000a\000r\000d\000/\000s\000u\000m\000m\000a\000r\000y}{section.5}% 40
\BOOKMARK [2][-]{subsection.5.36}{\376\377\000D\000B\000-\0000\0003\0006\000\040\000-\000\040\000G\000E\000T\000\040\000/\000a\000p\000i\000/\000d\000a\000s\000h\000b\000o\000a\000r\000d\000/\000s\000u\000m\000m\000a\000r\000y}{section.5}% 41
\BOOKMARK [2][-]{subsection.5.37}{\376\377\000D\000B\000-\0000\0003\0007\000\040\000-\000\040\000G\000E\000T\000\040\000/\000a\000p\000i\000/\000d\000a\000s\000h\000b\000o\000a\000r\000d\000/\000s\000u\000m\000m\000a\000r\000y}{section.5}% 42
\BOOKMARK [2][-]{subsection.5.38}{\376\377\000D\000B\000-\0000\0003\0008\000\040\000-\000\040\000G\000E\000T\000\040\000/\000a\000p\000i\000/\000d\000a\000s\000h\000b\000o\000a\000r\000d\000/\000s\000u\000m\000m\000a\000r\000y}{section.5}% 43
\BOOKMARK [2][-]{subsection.5.39}{\376\377\000D\000B\000-\0000\0003\0009\000\040\000-\000\040\000G\000E\000T\000\040\000/\000a\000p\000i\000/\000d\000a\000s\000h\000b\000o\000a\000r\000d\000/\000s\000u\000m\000m\000a\000r\000y}{section.5}% 44
\BOOKMARK [2][-]{subsection.5.40}{\376\377\000D\000B\000-\0000\0004\0000\000\040\000-\000\040\000G\000E\000T\000\040\000/\000a\000p\000i\000/\000d\000a\000s\000h\000b\000o\000a\000r\000d\000/\000s\000u\000m\000m\000a\000r\000y}{section.5}% 45
\BOOKMARK [2][-]{subsection.5.41}{\376\377\000D\000B\000-\0000\0004\0001\000\040\000-\000\040\000G\000E\000T\000\040\000/\000a\000p\000i\000/\000d\000a\000s\000h\000b\000o\000a\000r\000d\000/\000s\000u\000m\000m\000a\000r\000y}{section.5}% 46
\BOOKMARK [2][-]{subsection.5.42}{\376\377\000D\000B\000-\0000\0004\0002\000\040\000-\000\040\000G\000E\000T\000\040\000/\000a\000p\000i\000/\000d\000a\000s\000h\000b\000o\000a\000r\000d\000/\000s\000u\000m\000m\000a\000r\000y}{section.5}% 47
\BOOKMARK [2][-]{subsection.5.43}{\376\377\000D\000B\000-\0000\0004\0003\000\040\000-\000\040\000G\000E\000T\000\040\000/\000a\000p\000i\000/\000d\000a\000s\000h\000b\000o\000a\000r\000d\000/\000s\000u\000m\000m\000a\000r\000y}{section.5}% 48
\BOOKMARK [2][-]{subsection.5.44}{\376\377\000D\000B\000-\0000\0004\0004\000\040\000-\000\040\000G\000E\000T\000\040\000/\000a\000p\000i\000/\000j\000o\000b\000s}{section.5}% 49
\BOOKMARK [2][-]{subsection.5.45}{\376\377\000D\000B\000-\0000\0004\0005\000\040\000-\000\040\000G\000E\000T\000\040\000/\000a\000p\000i\000/\000j\000o\000b\000s}{section.5}% 50
\BOOKMARK [2][-]{subsection.5.46}{\376\377\000D\000B\000-\0000\0004\0006\000\040\000-\000\040\000G\000E\000T\000\040\000/\000a\000p\000i\000/\000j\000o\000b\000s}{section.5}% 51
\BOOKMARK [2][-]{subsection.5.47}{\376\377\000D\000B\000-\0000\0004\0007\000\040\000-\000\040\000G\000E\000T\000\040\000/\000a\000p\000i\000/\000j\000o\000b\000s}{section.5}% 52
\BOOKMARK [2][-]{subsection.5.48}{\376\377\000D\000B\000-\0000\0004\0008\000\040\000-\000\040\000G\000E\000T\000\040\000/\000a\000p\000i\000/\000j\000o\000b\000s}{section.5}% 53
\BOOKMARK [2][-]{subsection.5.49}{\376\377\000D\000B\000-\0000\0004\0009\000\040\000-\000\040\000G\000E\000T\000\040\000/\000a\000p\000i\000/\000j\000o\000b\000s\000/\000t\000r\000e\000n\000d}{section.5}% 54
\BOOKMARK [2][-]{subsection.5.50}{\376\377\000D\000B\000-\0000\0005\0000\000\040\000-\000\040\000G\000E\000T\000\040\000/\000a\000p\000i\000/\000j\000o\000b\000s\000/\000t\000r\000e\000n\000d}{section.5}% 55
\BOOKMARK [2][-]{subsection.5.51}{\376\377\000D\000B\000-\0000\0005\0001\000\040\000-\000\040\000G\000E\000T\000\040\000/\000a\000p\000i\000/\000j\000o\000b\000s\000/\000t\000r\000e\000n\000d}{section.5}% 56
\BOOKMARK [2][-]{subsection.5.52}{\376\377\000D\000B\000-\0000\0005\0002\000\040\000-\000\040\000G\000E\000T\000\040\000/\000a\000p\000i\000/\000j\000o\000b\000s\000/\000t\000r\000e\000n\000d}{section.5}% 57
\BOOKMARK [2][-]{subsection.5.53}{\376\377\000D\000B\000-\0000\0005\0003\000\040\000-\000\040\000G\000E\000T\000\040\000/\000a\000p\000i\000/\000j\000o\000b\000s\000/\000t\000r\000e\000n\000d}{section.5}% 58
\BOOKMARK [2][-]{subsection.5.54}{\376\377\000D\000B\000-\0000\0005\0004\000\040\000-\000\040\000G\000E\000T\000\040\000/\000a\000p\000i\000/\000n\000o\000t\000e\000s}{section.5}% 59
\BOOKMARK [2][-]{subsection.5.55}{\376\377\000D\000B\000-\0000\0005\0005\000\040\000-\000\040\000G\000E\000T\000\040\000/\000a\000p\000i\000/\000o\000a\000/\000a\000c\000t\000i\000v\000e}{section.5}% 60
\BOOKMARK [2][-]{subsection.5.56}{\376\377\000D\000B\000-\0000\0005\0006\000\040\000-\000\040\000G\000E\000T\000\040\000/\000a\000p\000i\000/\000o\000a\000/\000a\000c\000t\000i\000v\000e}{section.5}% 61
\BOOKMARK [2][-]{subsection.5.57}{\376\377\000D\000B\000-\0000\0005\0007\000\040\000-\000\040\000G\000E\000T\000\040\000/\000a\000p\000i\000/\000o\000a\000/\000a\000c\000t\000i\000v\000e}{section.5}% 62
\BOOKMARK [2][-]{subsection.5.58}{\376\377\000D\000B\000-\0000\0005\0008\000\040\000-\000\040\000G\000E\000T\000\040\000/\000a\000p\000i\000/\000p\000e\000n\000d\000i\000n\000g}{section.5}% 63
\BOOKMARK [2][-]{subsection.5.59}{\376\377\000D\000B\000-\0000\0005\0009\000\040\000-\000\040\000G\000E\000T\000\040\000/\000a\000p\000i\000/\000p\000e\000n\000d\000i\000n\000g}{section.5}% 64
\BOOKMARK [2][-]{subsection.5.60}{\376\377\000D\000B\000-\0000\0006\0000\000\040\000-\000\040\000G\000E\000T\000\040\000/\000a\000p\000i\000/\000r\000e\000f\000e\000r\000r\000a\000l\000s}{section.5}% 65
\BOOKMARK [2][-]{subsection.5.61}{\376\377\000D\000B\000-\0000\0006\0001\000\040\000-\000\040\000G\000E\000T\000\040\000/\000a\000p\000i\000/\000r\000e\000f\000e\000r\000r\000a\000l\000s\000/\000:\000i\000d}{section.5}% 66
\BOOKMARK [2][-]{subsection.5.62}{\376\377\000D\000B\000-\0000\0006\0002\000\040\000-\000\040\000G\000E\000T\000\040\000/\000a\000p\000i\000/\000r\000e\000f\000e\000r\000r\000a\000l\000s\000/\000t\000r\000e\000n\000d}{section.5}% 67
\BOOKMARK [2][-]{subsection.5.63}{\376\377\000D\000B\000-\0000\0006\0003\000\040\000-\000\040\000G\000E\000T\000\040\000/\000a\000p\000i\000/\000t\000a\000r\000g\000e\000t\000s\000/\000p\000r\000o\000g\000r\000e\000s\000s}{section.5}% 68
\BOOKMARK [2][-]{subsection.5.64}{\376\377\000D\000B\000-\0000\0006\0004\000\040\000-\000\040\000G\000E\000T\000\040\000/\000a\000p\000i\000/\000t\000a\000r\000g\000e\000t\000s\000/\000p\000r\000o\000g\000r\000e\000s\000s}{section.5}% 69
\BOOKMARK [2][-]{subsection.5.65}{\376\377\000D\000B\000-\0000\0006\0005\000\040\000-\000\040\000G\000E\000T\000\040\000/\000a\000p\000i\000/\000t\000a\000r\000g\000e\000t\000s\000/\000p\000r\000o\000g\000r\000e\000s\000s}{section.5}% 70
\BOOKMARK [2][-]{subsection.5.66}{\376\377\000D\000B\000-\0000\0006\0006\000\040\000-\000\040\000m\000a\000i\000n}{section.5}% 71
\BOOKMARK [2][-]{subsection.5.67}{\376\377\000D\000B\000-\0000\0006\0007\000\040\000-\000\040\000m\000a\000i\000n}{section.5}% 72
\BOOKMARK [2][-]{subsection.5.68}{\376\377\000D\000B\000-\0000\0006\0008\000\040\000-\000\040\000m\000a\000i\000n}{section.5}% 73
\BOOKMARK [2][-]{subsection.5.69}{\376\377\000D\000B\000-\0000\0006\0009\000\040\000-\000\040\000m\000a\000i\000n}{section.5}% 74
\BOOKMARK [2][-]{subsection.5.70}{\376\377\000D\000B\000-\0000\0007\0000\000\040\000-\000\040\000m\000a\000i\000n}{section.5}% 75
\BOOKMARK [2][-]{subsection.5.71}{\376\377\000D\000B\000-\0000\0007\0001\000\040\000-\000\040\000m\000a\000i\000n}{section.5}% 76
\BOOKMARK [2][-]{subsection.5.72}{\376\377\000D\000B\000-\0000\0007\0002\000\040\000-\000\040\000m\000a\000i\000n}{section.5}% 77
\BOOKMARK [2][-]{subsection.5.73}{\376\377\000D\000B\000-\0000\0007\0003\000\040\000-\000\040\000m\000a\000i\000n}{section.5}% 78
\BOOKMARK [2][-]{subsection.5.74}{\376\377\000D\000B\000-\0000\0007\0004\000\040\000-\000\040\000m\000a\000i\000n}{section.5}% 79
\BOOKMARK [2][-]{subsection.5.75}{\376\377\000D\000B\000-\0000\0007\0005\000\040\000-\000\040\000m\000a\000i\000n}{section.5}% 80
\BOOKMARK [2][-]{subsection.5.76}{\376\377\000D\000B\000-\0000\0007\0006\000\040\000-\000\040\000m\000a\000i\000n}{section.5}% 81
\BOOKMARK [2][-]{subsection.5.77}{\376\377\000D\000B\000-\0000\0007\0007\000\040\000-\000\040\000m\000a\000i\000n}{section.5}% 82
\BOOKMARK [2][-]{subsection.5.78}{\376\377\000D\000B\000-\0000\0007\0008\000\040\000-\000\040\000m\000a\000i\000n}{section.5}% 83
\BOOKMARK [2][-]{subsection.5.79}{\376\377\000D\000B\000-\0000\0007\0009\000\040\000-\000\040\000m\000a\000i\000n}{section.5}% 84
\BOOKMARK [2][-]{subsection.5.80}{\376\377\000D\000B\000-\0000\0008\0000\000\040\000-\000\040\000P\000A\000T\000C\000H\000\040\000/\000a\000p\000i\000/\000j\000o\000b\000s\000/\000:\000i\000d}{section.5}% 85
\BOOKMARK [2][-]{subsection.5.81}{\376\377\000D\000B\000-\0000\0008\0001\000\040\000-\000\040\000P\000A\000T\000C\000H\000\040\000/\000a\000p\000i\000/\000n\000o\000t\000e\000s\000/\000:\000i\000d}{section.5}% 86
\BOOKMARK [2][-]{subsection.5.82}{\376\377\000D\000B\000-\0000\0008\0002\000\040\000-\000\040\000P\000A\000T\000C\000H\000\040\000/\000a\000p\000i\000/\000o\000a\000/\000a\000r\000c\000h\000i\000v\000e\000/\000:\000i\000d}{section.5}% 87
\BOOKMARK [2][-]{subsection.5.83}{\376\377\000D\000B\000-\0000\0008\0003\000\040\000-\000\040\000P\000A\000T\000C\000H\000\040\000/\000a\000p\000i\000/\000o\000a\000/\000a\000r\000c\000h\000i\000v\000e\000/\000:\000i\000d}{section.5}% 88
\BOOKMARK [2][-]{subsection.5.84}{\376\377\000D\000B\000-\0000\0008\0004\000\040\000-\000\040\000P\000A\000T\000C\000H\000\040\000/\000a\000p\000i\000/\000p\000e\000n\000d\000i\000n\000g\000/\000:\000i\000d}{section.5}% 89
\BOOKMARK [2][-]{subsection.5.85}{\376\377\000D\000B\000-\0000\0008\0005\000\040\000-\000\040\000P\000A\000T\000C\000H\000\040\000/\000a\000p\000i\000/\000r\000e\000f\000e\000r\000r\000a\000l\000s\000/\000:\000i\000d}{section.5}% 90
\BOOKMARK [2][-]{subsection.5.86}{\376\377\000D\000B\000-\0000\0008\0006\000\040\000-\000\040\000P\000O\000S\000T\000\040\000/\000a\000p\000i\000/\000f\000r\000i\000e\000n\000d\000s\000/\000:\000i\000d\000/\000b\000l\000o\000c\000k}{section.5}% 91
\BOOKMARK [2][-]{subsection.5.87}{\376\377\000D\000B\000-\0000\0008\0007\000\040\000-\000\040\000P\000O\000S\000T\000\040\000/\000a\000p\000i\000/\000f\000r\000i\000e\000n\000d\000s\000/\000:\000i\000d\000/\000r\000e\000j\000e\000c\000t}{section.5}% 92
\BOOKMARK [2][-]{subsection.5.88}{\376\377\000D\000B\000-\0000\0008\0008\000\040\000-\000\040\000P\000O\000S\000T\000\040\000/\000a\000p\000i\000/\000f\000r\000i\000e\000n\000d\000s\000/\000r\000e\000q\000u\000e\000s\000t}{section.5}% 93
\BOOKMARK [2][-]{subsection.5.89}{\376\377\000D\000B\000-\0000\0008\0009\000\040\000-\000\040\000P\000O\000S\000T\000\040\000/\000a\000p\000i\000/\000f\000r\000i\000e\000n\000d\000s\000/\000r\000e\000q\000u\000e\000s\000t}{section.5}% 94
\BOOKMARK [2][-]{subsection.5.90}{\376\377\000D\000B\000-\0000\0009\0000\000\040\000-\000\040\000P\000O\000S\000T\000\040\000/\000a\000p\000i\000/\000f\000r\000i\000e\000n\000d\000s\000/\000r\000e\000q\000u\000e\000s\000t}{section.5}% 95
\BOOKMARK [2][-]{subsection.5.91}{\376\377\000D\000B\000-\0000\0009\0001\000\040\000-\000\040\000P\000O\000S\000T\000\040\000/\000a\000p\000i\000/\000f\000r\000i\000e\000n\000d\000s\000/\000r\000e\000q\000u\000e\000s\000t}{section.5}% 96
\BOOKMARK [2][-]{subsection.5.92}{\376\377\000D\000B\000-\0000\0009\0002\000\040\000-\000\040\000P\000O\000S\000T\000\040\000/\000a\000p\000i\000/\000j\000o\000b\000s\000/\000i\000m\000p\000o\000r\000t\000/\000c\000s\000v}{section.5}% 97
\BOOKMARK [2][-]{subsection.5.93}{\376\377\000D\000B\000-\0000\0009\0003\000\040\000-\000\040\000P\000O\000S\000T\000\040\000/\000a\000p\000i\000/\000n\000o\000t\000e\000s}{section.5}% 98
\BOOKMARK [2][-]{subsection.5.94}{\376\377\000D\000B\000-\0000\0009\0004\000\040\000-\000\040\000P\000O\000S\000T\000\040\000/\000a\000p\000i\000/\000o\000a\000/\000c\000o\000m\000p\000l\000e\000t\000e\000/\000:\000j\000o\000b\000I\000d}{section.5}% 99
\BOOKMARK [2][-]{subsection.5.95}{\376\377\000D\000B\000-\0000\0009\0005\000\040\000-\000\040\000P\000O\000S\000T\000\040\000/\000a\000p\000i\000/\000p\000e\000n\000d\000i\000n\000g}{section.5}% 100
\BOOKMARK [2][-]{subsection.5.96}{\376\377\000D\000B\000-\0000\0009\0006\000\040\000-\000\040\000P\000O\000S\000T\000\040\000/\000a\000p\000i\000/\000r\000e\000f\000e\000r\000r\000a\000l\000s}{section.5}% 101
\BOOKMARK [2][-]{subsection.5.97}{\376\377\000D\000B\000-\0000\0009\0007\000\040\000-\000\040\000P\000O\000S\000T\000\040\000/\000a\000u\000t\000h\000/\000g\000o\000o\000g\000l\000e}{section.5}% 102
\BOOKMARK [2][-]{subsection.5.98}{\376\377\000D\000B\000-\0000\0009\0008\000\040\000-\000\040\000P\000O\000S\000T\000\040\000/\000a\000u\000t\000h\000/\000g\000o\000o\000g\000l\000e}{section.5}% 103
\BOOKMARK [2][-]{subsection.5.99}{\376\377\000D\000B\000-\0000\0009\0009\000\040\000-\000\040\000P\000O\000S\000T\000\040\000/\000a\000u\000t\000h\000/\000g\000o\000o\000g\000l\000e}{section.5}% 104
\BOOKMARK [2][-]{subsection.5.100}{\376\377\000D\000B\000-\0001\0000\0000\000\040\000-\000\040\000P\000O\000S\000T\000\040\000/\000a\000u\000t\000h\000/\000s\000i\000g\000n\000u\000p}{section.5}% 105
\BOOKMARK [2][-]{subsection.5.101}{\376\377\000D\000B\000-\0001\0000\0001\000\040\000-\000\040\000P\000O\000S\000T\000\040\000/\000a\000u\000t\000h\000/\000s\000i\000g\000n\000u\000p}{section.5}% 106
\BOOKMARK [2][-]{subsection.5.102}{\376\377\000D\000B\000-\0001\0000\0002\000\040\000-\000\040\000q\000u\000e\000r\000y}{section.5}% 107
\BOOKMARK [2][-]{subsection.5.103}{\376\377\000D\000B\000-\0001\0000\0003\000\040\000-\000\040\000r\000e\000f\000e\000r\000r\000a\000l\000S\000t\000a\000t\000u\000s}{section.5}% 108
\BOOKMARK [2][-]{subsection.5.104}{\376\377\000D\000B\000-\0001\0000\0004\000\040\000-\000\040\000r\000e\000f\000e\000r\000r\000a\000l\000S\000t\000a\000t\000u\000s}{section.5}% 109
\BOOKMARK [2][-]{subsection.5.105}{\376\377\000D\000B\000-\0001\0000\0005\000\040\000-\000\040\000r\000e\000s\000o\000l\000v\000e\000S\000c\000o\000p\000e\000d\000U\000s\000e\000r\000I\000d}{section.5}% 110
\BOOKMARK [2][-]{subsection.5.106}{\376\377\000D\000B\000-\0001\0000\0006\000\040\000-\000\040\000r\000e\000s\000o\000l\000v\000e\000S\000c\000o\000p\000e\000d\000U\000s\000e\000r\000I\000d}{section.5}% 111
\BOOKMARK [2][-]{subsection.5.107}{\376\377\000D\000B\000-\0001\0000\0007\000\040\000-\000\040\000r\000e\000v\000o\000k\000e\000S\000e\000s\000s\000i\000o\000n}{section.5}% 112
\BOOKMARK [2][-]{subsection.5.108}{\376\377\000D\000B\000-\0001\0000\0008\000\040\000-\000\040\000s\000e\000e\000d\000J\000o\000b\000s}{section.5}% 113
\BOOKMARK [2][-]{subsection.5.109}{\376\377\000D\000B\000-\0001\0000\0009\000\040\000-\000\040\000s\000y\000n\000c\000R\000e\000f\000e\000r\000r\000a\000l\000s\000F\000o\000r\000U\000s\000e\000r}{section.5}% 114
\BOOKMARK [2][-]{subsection.5.110}{\376\377\000D\000B\000-\0001\0001\0000\000\040\000-\000\040\000s\000y\000n\000c\000R\000e\000f\000e\000r\000r\000a\000l\000s\000F\000o\000r\000U\000s\000e\000r}{section.5}% 115
\BOOKMARK [2][-]{subsection.5.111}{\376\377\000D\000B\000-\0001\0001\0001\000\040\000-\000\040\000t\000r\000a\000n\000s\000a\000c\000t\000i\000o\000n}{section.5}% 116
\BOOKMARK [2][-]{subsection.5.112}{\376\377\000D\000B\000-\0001\0001\0002\000\040\000-\000\040\000u\000p\000s\000e\000r\000t\000U\000s\000e\000r}{section.5}% 117
\BOOKMARK [2][-]{subsection.5.113}{\376\377\000D\000B\000-\0001\0001\0003\000\040\000-\000\040\000u\000p\000s\000e\000r\000t\000U\000s\000e\000r}{section.5}% 118
\BOOKMARK [1][-]{section.6}{\376\377\000C\000r\000o\000s\000s\000-\000E\000n\000d\000p\000o\000i\000n\000t\000\040\000S\000y\000n\000c\000\040\000F\000l\000o\000w\000s}{}% 119
\BOOKMARK [2][-]{subsection.6.1}{\376\377\000J\000o\000b\000\040\000W\000r\000i\000t\000e\000\040\000t\000o\000\040\000D\000a\000s\000h\000b\000o\000a\000r\000d\000\040\000R\000e\000a\000d}{section.6}% 120
\BOOKMARK [2][-]{subsection.6.2}{\376\377\000R\000e\000f\000e\000r\000r\000a\000l\000\040\000S\000y\000n\000c}{section.6}% 121
\BOOKMARK [2][-]{subsection.6.3}{\376\377\000F\000r\000i\000e\000n\000d\000s\000h\000i\000p\000\040\000S\000t\000a\000t\000e\000\040\000M\000a\000c\000h\000i\000n\000e}{section.6}% 122
\BOOKMARK [1][-]{section.7}{\376\377\000R\000e\000l\000e\000a\000s\000e\000\040\000C\000h\000e\000c\000k\000l\000i\000s\000t}{}% 123
